{smcl}
{com}{sf}{ul off}{txt}
{com}. 
. 
. 
. use "E:\16GBBACKUPUSB\BACKUP_USB_SEPTEMBER2014\SUMMER_STUDENT_2025\HRS_NHANES_HANDLS_TLEPIGENMORT\FINAL_DATA\HRS\HRS_TLEPIGENMORT",clear
{txt}
{com}. 
. 
. //STEP 14: LASSO LINEAR MODELS FOR TL VS. EPIGENETIC EAA, FORCING EXOGENOUS VARIABLES. 
. 
. 
. capture drop sample_LASSO
{txt}
{com}. sort HHIDPN
{txt}
{com}. save, replace
{txt}{p 0 4 2}
file {bf}
E:\16GBBACKUPUSB\BACKUP_USB_SEPTEMBER2014\SUMMER_STUDENT_2025\HRS_NHANES_HANDLS_TLEPIGENMORT\FINAL_DATA\HRS\HRS_TLEPIGENMORT.dta{rm}
saved
{p_end}

{com}. splitsample if sample_final==1 , generate(sample_LASSO) nsplit(2) rseed(1234)
{res}{txt}
{com}. tab sample_LASSO

{txt}sample_LASS {c |}
          O {c |}      Freq.     Percent        Cum.
{hline 12}{c +}{hline 35}
          1 {c |}{res}        515       50.05       50.05
{txt}          2 {c |}{res}        514       49.95      100.00
{txt}{hline 12}{c +}{hline 35}
      Total {c |}{res}      1,029      100.00
{txt}
{com}. 
. save, replace
{txt}{p 0 4 2}
file {bf}
E:\16GBBACKUPUSB\BACKUP_USB_SEPTEMBER2014\SUMMER_STUDENT_2025\HRS_NHANES_HANDLS_TLEPIGENMORT\FINAL_DATA\HRS\HRS_TLEPIGENMORT.dta{rm}
saved
{p_end}

{com}. 
. *******************************TELOMEAN************************************
. 
. lasso linear ztelomean_no_outliers (AGE SEX i.RACE_ETHN) zHorvathAgeEAA zHannumAgeEAA zPhenoAgeEAA zGrimAgeMortEAA zDunedinPoAm if sample_LASSO==1, rseed(1234)
{res}
{res}10{txt}-fold cross-validation with {res}100 {txt}lambdas ...
{txt}Grid value {res}1{txt}:{col 19}{txt}lambda ={res} .0194153{txt}{space 3}no. of nonzero coef. = {res} 5
{txt}Folds: 1{txt}.{txt}.{txt}.{txt}5{txt}.{txt}.{txt}.{txt}.{txt}10{space 3}CVF ={res} 1.000232
{txt}Grid value {res}2{txt}:{col 19}{txt}lambda ={res} .0176905{txt}{space 3}no. of nonzero coef. = {res} 6
{txt}Folds: 1{txt}.{txt}.{txt}.{txt}5{txt}.{txt}.{txt}.{txt}.{txt}10{space 3}CVF ={res} 1.000528
{txt}Grid value {res}3{txt}:{col 19}{txt}lambda ={res}  .016119{txt}{space 3}no. of nonzero coef. = {res} 6
{txt}Folds: 1{txt}.{txt}.{txt}.{txt}5{txt}.{txt}.{txt}.{txt}.{txt}10{space 3}CVF ={res} 1.000793
{txt}Grid value {res}4{txt}:{col 19}{txt}lambda ={res}  .014687{txt}{space 3}no. of nonzero coef. = {res} 6
{txt}Folds: 1{txt}.{txt}.{txt}.{txt}5{txt}.{txt}.{txt}.{txt}.{txt}10{space 3}CVF ={res} 1.001026
{txt}Grid value {res}5{txt}:{col 19}{txt}lambda ={res} .0133822{txt}{space 3}no. of nonzero coef. = {res} 7
{txt}Folds: 1{txt}.{txt}.{txt}.{txt}5{txt}.{txt}.{txt}.{txt}.{txt}10{space 3}CVF ={res} 1.001128
{txt}Grid value {res}6{txt}:{col 19}{txt}lambda ={res} .0121934{txt}{space 3}no. of nonzero coef. = {res} 7
{txt}Folds: 1{txt}.{txt}.{txt}.{txt}5{txt}.{txt}.{txt}.{txt}.{txt}10{space 3}CVF ={res} 1.001137
{txt}Grid value {res}7{txt}:{col 19}{txt}lambda ={res} .0111102{txt}{space 3}no. of nonzero coef. = {res} 7
{txt}Folds: 1{txt}.{txt}.{txt}.{txt}5{txt}.{txt}.{txt}.{txt}.{txt}10{space 3}CVF ={res} 1.001134
{txt}Grid value {res}8{txt}:{col 19}{txt}lambda ={res} .0101232{txt}{space 3}no. of nonzero coef. = {res} 7
{txt}Folds: 1{txt}.{txt}.{txt}.{txt}5{txt}.{txt}.{txt}.{txt}.{txt}10{space 3}CVF ={res} 1.001198
{txt}Grid value {res}9{txt}:{col 19}{txt}lambda ={res} .0092239{txt}{space 3}no. of nonzero coef. = {res} 7
{txt}Folds: 1{txt}.{txt}.{txt}.{txt}5{txt}.{txt}.{txt}.{txt}.{txt}10{space 3}CVF ={res} 1.001384
{txt}Grid value {res}10{txt}:{col 19}{txt}lambda ={res} .0084044{txt}{space 3}no. of nonzero coef. = {res} 7
{txt}Folds: 1{txt}.{txt}.{txt}.{txt}5{txt}.{txt}.{txt}.{txt}.{txt}10{space 3}CVF ={res} 1.001738
{txt}Grid value {res}11{txt}:{col 19}{txt}lambda ={res} .0076578{txt}{space 3}no. of nonzero coef. = {res} 7
{txt}Folds: 1{txt}.{txt}.{txt}.{txt}5{txt}.{txt}.{txt}.{txt}.{txt}10{space 3}CVF ={res} 1.002137
{txt}... cross-validation complete ... minimum found
{res}{txt}
Lasso linear {txt}model{txt}{col 45}No. of obs{col 63}={res}        515
{txt}{col 45}No. of covariates{col 63}={res}         11
{txt}Selection: Cross-validation{txt}{col 45}No. of CV folds{col 63}={res}         10

{txt}{hline 9}{c TT}{hline 17}{hline 11}{hline 10}{hline 13}{hline 13}
{col 10}{c |}{col 39}    No. of{col 49}      Out-of-{col 62}      CV mean
{col 10}{c |}{col 39}   nonzero{col 49}       sample{col 62}   prediction
{col 1}      ID{col 10}{c |}     Description{col 28}     lambda{col 39}     coef.{col 49}    R-squared{col 62}        error
{hline 9}{c +}{hline 17}{hline 11}{hline 10}{hline 13}{hline 13}
{col 1}     * 1{col 10}{c |} selected lambda{col 28}{res}{space 2} .0194153{col 39}{space 1}        5{col 49}{space 6} 0.0027{col 62}{space 4} 1.000232
{col 1}{txt}       2{col 10}{c |}    lambda after{col 28}{res}{space 2} .0176905{col 39}{space 1}        6{col 49}{space 6} 0.0024{col 62}{space 4} 1.000528
{col 1}{txt}      11{col 10}{c |}     last lambda{col 28}{res}{space 2} .0076578{col 39}{space 1}        7{col 49}{space 6} 0.0008{col 62}{space 4} 1.002137
{txt}{hline 9}{c BT}{hline 17}{hline 11}{hline 10}{hline 13}{hline 13}
* lambda selected by cross-validation.

{com}. 
. 
. cvplot 
{res}{txt}
{com}. graph save "E:\16GBBACKUPUSB\BACKUP_USB_SEPTEMBER2014\SUMMER_STUDENT_2025\HRS_NHANES_HANDLS_TLEPIGENMORT\FIGURES\HRS_FIGURES2_LASSO\FIGURES2_TELOMEAN.gph",replace
{res}{txt}file {bf:E:\16GBBACKUPUSB\BACKUP_USB_SEPTEMBER2014\SUMMER_STUDENT_2025\HRS_NHANES_HANDLS_TLEPIGENMORT\FIGURES\HRS_FIGURES2_LASSO\FIGURES2_TELOMEAN.gph} saved

{com}. 
. estimates store cvTELOMEAN
{res}{txt}
{com}. 
. lassoknots, display(nonzero osr2 bic)
{res}
{txt}{hline 7}{c TT}{hline 9}{hline 11}{hline 12}{hline 11}
{col 8}{c |}{col 18}     No. of{col 29}     Out-of-
{col 8}{c |}{col 18}    nonzero{col 29}      sample
{col 1}    ID{col 8}{c |}   lambda{col 18}      coef.{col 29}   R-squared{col 41}        BIC
{hline 7}{c +}{hline 9}{hline 11}{hline 12}{hline 11}
{col 1}   * 1{col 8}{c |}{res} .0194153{col 18}{space 4}      5{col 29}{space 5} 0.0027{col 41}{space 2} 1481.337
{col 1}{txt}     2{col 8}{c |}{res} .0176905{col 18}{space 4}      6{col 29}{space 5} 0.0024{col 41}{space 2} 1487.412
{col 1}{txt}     5{col 8}{c |}{res} .0133822{col 18}{space 4}      7{col 29}{space 5} 0.0018{col 41}{space 2} 1493.303
{col 1}{txt}    11{col 8}{c |}{res} .0076578{col 18}{space 4}      7{col 29}{space 5} 0.0008{col 41}{space 2}   1492.8
{txt}{hline 7}{c BT}{hline 9}{hline 11}{hline 12}{hline 11}
* lambda selected by cross-validation.

{com}. 
. lassoselect id=1
{res}{txt}{bf:ID} = {res}1  {txt}lambda = {res}.0194153 {txt}selected

{com}. 
. cvplot
{res}{txt}
{com}. 
. estimates store minBICTELOMEAN
{res}{txt}
{com}. 
. lasso linear ztelomean_no_outliers (AGE SEX i.RACE_ETHN)  zHorvathAgeEAA zHannumAgeEAA zPhenoAgeEAA zGrimAgeMortEAA zDunedinPoAm if sample_LASSO==1, selection(adaptive) rseed(1234)
{res}
{p 0 2 2}
{txt}Lasso step {res}1{txt} of {res}2{txt}:
{p_end}
{res}
{res}10{txt}-fold cross-validation with {res}100 {txt}lambdas ...
{txt}Grid value {res}1{txt}:{col 19}{txt}lambda ={res} .0194153{txt}{space 3}no. of nonzero coef. = {res} 5
{txt}Folds: 1{txt}.{txt}.{txt}.{txt}5{txt}.{txt}.{txt}.{txt}.{txt}10{space 3}CVF ={res} 1.000232
{txt}Grid value {res}2{txt}:{col 19}{txt}lambda ={res} .0176905{txt}{space 3}no. of nonzero coef. = {res} 6
{txt}Folds: 1{txt}.{txt}.{txt}.{txt}5{txt}.{txt}.{txt}.{txt}.{txt}10{space 3}CVF ={res} 1.000528
{txt}Grid value {res}3{txt}:{col 19}{txt}lambda ={res}  .016119{txt}{space 3}no. of nonzero coef. = {res} 6
{txt}Folds: 1{txt}.{txt}.{txt}.{txt}5{txt}.{txt}.{txt}.{txt}.{txt}10{space 3}CVF ={res} 1.000793
{txt}Grid value {res}4{txt}:{col 19}{txt}lambda ={res}  .014687{txt}{space 3}no. of nonzero coef. = {res} 6
{txt}Folds: 1{txt}.{txt}.{txt}.{txt}5{txt}.{txt}.{txt}.{txt}.{txt}10{space 3}CVF ={res} 1.001026
{txt}Grid value {res}5{txt}:{col 19}{txt}lambda ={res} .0133822{txt}{space 3}no. of nonzero coef. = {res} 7
{txt}Folds: 1{txt}.{txt}.{txt}.{txt}5{txt}.{txt}.{txt}.{txt}.{txt}10{space 3}CVF ={res} 1.001128
{txt}Grid value {res}6{txt}:{col 19}{txt}lambda ={res} .0121934{txt}{space 3}no. of nonzero coef. = {res} 7
{txt}Folds: 1{txt}.{txt}.{txt}.{txt}5{txt}.{txt}.{txt}.{txt}.{txt}10{space 3}CVF ={res} 1.001137
{txt}Grid value {res}7{txt}:{col 19}{txt}lambda ={res} .0111102{txt}{space 3}no. of nonzero coef. = {res} 7
{txt}Folds: 1{txt}.{txt}.{txt}.{txt}5{txt}.{txt}.{txt}.{txt}.{txt}10{space 3}CVF ={res} 1.001134
{txt}Grid value {res}8{txt}:{col 19}{txt}lambda ={res} .0101232{txt}{space 3}no. of nonzero coef. = {res} 7
{txt}Folds: 1{txt}.{txt}.{txt}.{txt}5{txt}.{txt}.{txt}.{txt}.{txt}10{space 3}CVF ={res} 1.001198
{txt}Grid value {res}9{txt}:{col 19}{txt}lambda ={res} .0092239{txt}{space 3}no. of nonzero coef. = {res} 7
{txt}Folds: 1{txt}.{txt}.{txt}.{txt}5{txt}.{txt}.{txt}.{txt}.{txt}10{space 3}CVF ={res} 1.001384
{txt}Grid value {res}10{txt}:{col 19}{txt}lambda ={res} .0084044{txt}{space 3}no. of nonzero coef. = {res} 7
{txt}Folds: 1{txt}.{txt}.{txt}.{txt}5{txt}.{txt}.{txt}.{txt}.{txt}10{space 3}CVF ={res} 1.001738
{txt}Grid value {res}11{txt}:{col 19}{txt}lambda ={res} .0076578{txt}{space 3}no. of nonzero coef. = {res} 7
{txt}Folds: 1{txt}.{txt}.{txt}.{txt}5{txt}.{txt}.{txt}.{txt}.{txt}10{space 3}CVF ={res} 1.002137
{txt}... cross-validation complete ... minimum found
{res}{txt}
Lasso linear {txt}model{txt}{col 44}No. of obs{col 63}={res}        515
{txt}{col 44}No. of covariates{col 63}={res}         11
{txt}Selection: Adaptive{txt}{col 44}No. of lasso steps{col 63}={res}          1

{txt}Final adaptive step results
{hline 9}{c TT}{hline 17}{hline 11}{hline 10}{hline 13}{hline 13}
{col 10}{c |}{col 39}    No. of{col 49}      Out-of-{col 62}      CV mean
{col 10}{c |}{col 39}   nonzero{col 49}       sample{col 62}   prediction
{col 1}      ID{col 10}{c |}     Description{col 28}     lambda{col 39}     coef.{col 49}    R-squared{col 62}        error
{hline 9}{c +}{hline 17}{hline 11}{hline 10}{hline 13}{hline 13}
{col 1}     * 1{col 10}{c |} selected lambda{col 28}{res}{space 2} .0194153{col 39}{space 1}        5{col 49}{space 6} 0.0027{col 62}{space 4} 1.000232
{col 1}{txt}       2{col 10}{c |}    lambda after{col 28}{res}{space 2} .0176905{col 39}{space 1}        6{col 49}{space 6} 0.0024{col 62}{space 4} 1.000528
{col 1}{txt}      11{col 10}{c |}     last lambda{col 28}{res}{space 2} .0076578{col 39}{space 1}        7{col 49}{space 6} 0.0008{col 62}{space 4} 1.002137
{txt}{hline 9}{c BT}{hline 17}{hline 11}{hline 10}{hline 13}{hline 13}
* lambda selected by cross-validation in final adaptive step.

{com}. 
. 
. estimates store adaptiveTELOMEAN
{res}{txt}
{com}. 
. lassocoef cvTELOMEAN minBICTELOMEAN adaptiveTELOMEAN, sort(coef, standardized) nofvlabel
{res}
{txt}{hline 13}{c TT}{hline 11}{hline 16}{hline 18}
{col 14}{c |} cvTELOMEAN{col 26} minBICTELOMEAN {col 42} adaptiveTELOMEAN 
{hline 13}{c +}{hline 11}{hline 16}{hline 18}
{space 9}AGE {c |}{col 14}     x     {col 26}        x       {col 42}         x        
{space 12} {c |}
{space 3}RACE_ETHN {c |}
{space 10}2  {c |}{col 14}     x     {col 26}        x       {col 42}         x        
{space 10}3  {c |}{col 14}     x     {col 26}        x       {col 42}         x        
{space 10}4  {c |}{col 14}     x     {col 26}        x       {col 42}         x        
{space 12} {c |}
{space 9}SEX {c |}{col 14}     x     {col 26}        x       {col 42}         x        
{space 7}_cons {c |}{col 14}     x     {col 26}        x       {col 42}         x        
{space 12} {c |}
{space 3}RACE_ETHN {c |}
{space 10}1  {c |}{col 14}     e     {col 26}        e       {col 42}         e        
{hline 13}{c BT}{hline 11}{hline 16}{hline 18}
Legend:
  b - base level
  e - empty cell
  o - omitted
  x - estimated

{com}. 
. 
. 
. 
. **-----------------------------------------------------------
. **             | cvTELOMEAN minBICTELOMEAN  adaptiveTELOMEAN 
. **-------------+---------------------------------------------
. **         AGE |     x             x                x        
. **             |
. **   RACE_ETHN |
. **          2  |     x             x                x        
. **          3  |     x             x                x        
. **          4  |     x             x                x        
. **             |
. **         SEX |     x             x                x        
. **       _cons |     x             x                x        
. **             |
. **   RACE_ETHN |
. **          1  |     e             e                e        
. **-----------------------------------------------------------
. **Legend:
. **  b - base level
. **  e - empty cell
. **  o - omitted
. **  x - estimated
. 
. 
. 
. 
. lassogof cvTELOMEAN minBICTELOMEAN adaptiveTELOMEAN, over(sample_LASSO) postselection
{res}
{txt}Postselection coefficients
{hline 12}{hline 12}{c TT}{hline 12}{hline 13}{hline 11}
{col 1}Name        {col 13} sample_L~O{col 25}{c |}         MSE{col 38}    R-squared{col 51}        Obs
{hline 12}{hline 12}{c +}{hline 12}{hline 13}{hline 11}
{col 1}cvTELOMEAN  {col 25}{c |}
{col 13}          1{col 25}{c |}{res}{space 3} .9663366{col 38}{space 6} 0.0365{col 51}{space 4}    515
{col 13}{txt}          2{col 25}{c |}{res}{space 3} .9872245{col 38}{space 6} 0.0075{col 51}{space 4}    514
{txt}{hline 12}{hline 12}{c +}{hline 12}{hline 13}{hline 11}
{col 1}minBICTELOMEAN{col 25}{c |}
{col 13}          1{col 25}{c |}{res}{space 3} .9663366{col 38}{space 6} 0.0365{col 51}{space 4}    515
{col 13}{txt}          2{col 25}{c |}{res}{space 3} .9872245{col 38}{space 6} 0.0075{col 51}{space 4}    514
{txt}{hline 12}{hline 12}{c +}{hline 12}{hline 13}{hline 11}
{col 1}adaptiveTELOMEAN{col 25}{c |}
{col 13}          1{col 25}{c |}{res}{space 3} .9663366{col 38}{space 6} 0.0365{col 51}{space 4}    515
{col 13}{txt}          2{col 25}{c |}{res}{space 3} .9872245{col 38}{space 6} 0.0075{col 51}{space 4}    514
{txt}{hline 12}{hline 12}{c BT}{hline 12}{hline 13}{hline 11}

{com}. 
. 
. 
. **Postselection coefficients
. **-------------------------------------------------------------
. **Name         sample_L~O |         MSE    R-squared        Obs
. **------------------------+------------------------------------
. **cvTELOMEAN              |
. **                      1 |    .9663366       0.0365        515
. **                      2 |    .9872245       0.0075        514
. **------------------------+------------------------------------
. **minBICTELOMEAN          |
. **                      1 |    .9663366       0.0365        515
. **                      2 |    .9872245       0.0075        514
. **------------------------+------------------------------------
. **adaptiveTELOMEAN        |
. **                      1 |    .9663366       0.0365        515
. **                      2 |    .9872245       0.0075        514
. **-------------------------------------------------------------
. 
. 
. 
. 
. 
. ***REDUCED MODEL FROM BEST MODEL SELECTION PROCESS**
. 
. reg ztelomean_no_outliers AGE SEX i.RACE_ETHN    if sample_final==1

{txt}      Source {c |}       SS           df       MS      Number of obs   ={res}     1,029
{txt}{hline 13}{c +}{hline 34}   F(5, 1023)      = {res}     5.71
{txt}       Model {c |} {res} 27.9090007         5  5.58180014   {txt}Prob > F        ={res}    0.0000
{txt}    Residual {c |} {res}   1000.091     1,023  .977606058   {txt}R-squared       ={res}    0.0271
{txt}{hline 13}{c +}{hline 34}   Adj R-squared   ={res}    0.0224
{txt}       Total {c |} {res}       1028     1,028  .999999999   {txt}Root MSE        =   {res} .98874

{txt}{hline 13}{c TT}{hline 11}{hline 11}{hline 9}{hline 8}{hline 13}{hline 12}
{col 1}ztelomean_~s{col 14}{c |} Coefficient{col 26}  Std. err.{col 38}      t{col 46}   P>|t|{col 54}     [95% con{col 67}f. interval]
{hline 13}{c +}{hline 11}{hline 11}{hline 9}{hline 8}{hline 13}{hline 12}
{space 9}AGE {c |}{col 14}{res}{space 2}-.0157022{col 26}{space 2} .0037567{col 37}{space 1}   -4.18{col 46}{space 3}0.000{col 54}{space 4}-.0230739{col 67}{space 3}-.0083305
{txt}{space 9}SEX {c |}{col 14}{res}{space 2} .0639351{col 26}{space 2} .0631088{col 37}{space 1}    1.01{col 46}{space 3}0.311{col 54}{space 4}-.0599025{col 67}{space 3} .1877727
{txt}{space 12} {c |}
{space 3}RACE_ETHN {c |}
{space 10}2  {c |}{col 14}{res}{space 2}  .171723{col 26}{space 2} .1025549{col 37}{space 1}    1.67{col 46}{space 3}0.094{col 54}{space 4}-.0295191{col 67}{space 3}  .372965
{txt}{space 10}3  {c |}{col 14}{res}{space 2} .1907079{col 26}{space 2} .1018118{col 37}{space 1}    1.87{col 46}{space 3}0.061{col 54}{space 4}-.0090758{col 67}{space 3} .3904917
{txt}{space 10}4  {c |}{col 14}{res}{space 2} .2065721{col 26}{space 2} .2250466{col 37}{space 1}    0.92{col 46}{space 3}0.359{col 54}{space 4}-.2350336{col 67}{space 3} .6481779
{txt}{space 12} {c |}
{space 7}_cons {c |}{col 14}{res}{space 2} 1.090023{col 26}{space 2} .2884124{col 37}{space 1}    3.78{col 46}{space 3}0.000{col 54}{space 4} .5240752{col 67}{space 3}  1.65597
{txt}{hline 13}{c BT}{hline 11}{hline 11}{hline 9}{hline 8}{hline 13}{hline 12}
{res}{txt}
{com}. 
. 
. 
. save "E:\16GBBACKUPUSB\BACKUP_USB_SEPTEMBER2014\SUMMER_STUDENT_2025\HRS_NHANES_HANDLS_TLEPIGENMORT\FINAL_DATA\HRS\HRS_TLEPIGENMORT",replace
{txt}{p 0 4 2}
file {bf}
E:\16GBBACKUPUSB\BACKUP_USB_SEPTEMBER2014\SUMMER_STUDENT_2025\HRS_NHANES_HANDLS_TLEPIGENMORT\FINAL_DATA\HRS\HRS_TLEPIGENMORT.dta{rm}
saved
{p_end}

{com}. 
. capture log close
{smcl}
{com}{sf}{ul off}