{smcl}
{com}{sf}{ul off}{txt}
{com}. 
. 
. use "E:\16GBBACKUPUSB\BACKUP_USB_SEPTEMBER2014\SUMMER_STUDENT_2025\HRS_NHANES_HANDLS_TLEPIGENMORT\FINAL_DATA\NHANES\NHANES_MERGED_DATASET",clear
{txt}
{com}. 
. 
. //STEP 14: LASSO LINEAR MODELS FOR TL VS. EPIGENETIC EAA, FORCING EXOGENOUS VARIABLES. 
. 
. 
. capture drop sample_LASSO
{txt}
{com}. sort seqn
{txt}
{com}. save, replace
{txt}{p 0 4 2}
file {bf}
E:\16GBBACKUPUSB\BACKUP_USB_SEPTEMBER2014\SUMMER_STUDENT_2025\HRS_NHANES_HANDLS_TLEPIGENMORT\FINAL_DATA\NHANES\NHANES_MERGED_DATASET.dta{rm}
saved
{p_end}

{com}. splitsample , generate(sample_LASSO) nsplit(2) rseed(1234)
{res}{txt}
{com}. tab sample_LASSO

{txt}sample_LASS {c |}
          O {c |}      Freq.     Percent        Cum.
{hline 12}{c +}{hline 35}
          1 {c |}{res}     10,502       50.00       50.00
{txt}          2 {c |}{res}     10,502       50.00      100.00
{txt}{hline 12}{c +}{hline 35}
      Total {c |}{res}     21,004      100.00
{txt}
{com}. 
. save, replace
{txt}{p 0 4 2}
file {bf}
E:\16GBBACKUPUSB\BACKUP_USB_SEPTEMBER2014\SUMMER_STUDENT_2025\HRS_NHANES_HANDLS_TLEPIGENMORT\FINAL_DATA\NHANES\NHANES_MERGED_DATASET.dta{rm}
saved
{p_end}

{com}. 
. *******************************TELOMEAN************************************
. 
. lasso linear ztelomean_no_outliers (AGE SEX i.RACE) zHorvathAgeEAA zHannumAgeEAA zPhenoAgeEAA zGrimAgeMortEAA zDunedinPoAm if sample_LASSO==1, rseed(1234)
{res}
{res}10{txt}-fold cross-validation with {res}100 {txt}lambdas ...
{txt}Grid value {res}1{txt}:{col 19}{txt}lambda ={res} .0454521{txt}{space 3}no. of nonzero coef. = {res} 5
{txt}Folds: 1{txt}.{txt}.{txt}.{txt}5{txt}.{txt}.{txt}.{txt}.{txt}10{space 3}CVF ={res} .7252254
{txt}Grid value {res}2{txt}:{col 19}{txt}lambda ={res} .0414142{txt}{space 3}no. of nonzero coef. = {res} 6
{txt}Folds: 1{txt}.{txt}.{txt}.{txt}5{txt}.{txt}.{txt}.{txt}.{txt}10{space 3}CVF ={res} .7248591
{txt}Grid value {res}3{txt}:{col 19}{txt}lambda ={res} .0377351{txt}{space 3}no. of nonzero coef. = {res} 6
{txt}Folds: 1{txt}.{txt}.{txt}.{txt}5{txt}.{txt}.{txt}.{txt}.{txt}10{space 3}CVF ={res} .7237016
{txt}Grid value {res}4{txt}:{col 19}{txt}lambda ={res} .0343828{txt}{space 3}no. of nonzero coef. = {res} 6
{txt}Folds: 1{txt}.{txt}.{txt}.{txt}5{txt}.{txt}.{txt}.{txt}.{txt}10{space 3}CVF ={res} .7224372
{txt}Grid value {res}5{txt}:{col 19}{txt}lambda ={res} .0313284{txt}{space 3}no. of nonzero coef. = {res} 6
{txt}Folds: 1{txt}.{txt}.{txt}.{txt}5{txt}.{txt}.{txt}.{txt}.{txt}10{space 3}CVF ={res} .7213888
{txt}Grid value {res}6{txt}:{col 19}{txt}lambda ={res} .0285452{txt}{space 3}no. of nonzero coef. = {res} 6
{txt}Folds: 1{txt}.{txt}.{txt}.{txt}5{txt}.{txt}.{txt}.{txt}.{txt}10{space 3}CVF ={res} .7206061
{txt}Grid value {res}7{txt}:{col 19}{txt}lambda ={res} .0260094{txt}{space 3}no. of nonzero coef. = {res} 6
{txt}Folds: 1{txt}.{txt}.{txt}.{txt}5{txt}.{txt}.{txt}.{txt}.{txt}10{space 3}CVF ={res} .7199997
{txt}Grid value {res}8{txt}:{col 19}{txt}lambda ={res} .0236988{txt}{space 3}no. of nonzero coef. = {res} 6
{txt}Folds: 1{txt}.{txt}.{txt}.{txt}5{txt}.{txt}.{txt}.{txt}.{txt}10{space 3}CVF ={res} .7195815
{txt}Grid value {res}9{txt}:{col 19}{txt}lambda ={res} .0215934{txt}{space 3}no. of nonzero coef. = {res} 6
{txt}Folds: 1{txt}.{txt}.{txt}.{txt}5{txt}.{txt}.{txt}.{txt}.{txt}10{space 3}CVF ={res} .7193203
{txt}Grid value {res}10{txt}:{col 19}{txt}lambda ={res} .0196751{txt}{space 3}no. of nonzero coef. = {res} 7
{txt}Folds: 1{txt}.{txt}.{txt}.{txt}5{txt}.{txt}.{txt}.{txt}.{txt}10{space 3}CVF ={res} .7192693
{txt}Grid value {res}11{txt}:{col 19}{txt}lambda ={res} .0179272{txt}{space 3}no. of nonzero coef. = {res} 7
{txt}Folds: 1{txt}.{txt}.{txt}.{txt}5{txt}.{txt}.{txt}.{txt}.{txt}10{space 3}CVF ={res} .7192155
{txt}Grid value {res}12{txt}:{col 19}{txt}lambda ={res} .0163346{txt}{space 3}no. of nonzero coef. = {res} 9
{txt}Folds: 1{txt}.{txt}.{txt}.{txt}5{txt}.{txt}.{txt}.{txt}.{txt}10{space 3}CVF ={res} .7186436
{txt}Grid value {res}13{txt}:{col 19}{txt}lambda ={res} .0148835{txt}{space 3}no. of nonzero coef. = {res} 9
{txt}Folds: 1{txt}.{txt}.{txt}.{txt}5{txt}.{txt}.{txt}.{txt}.{txt}10{space 3}CVF ={res} .7172008
{txt}Grid value {res}14{txt}:{col 19}{txt}lambda ={res} .0135613{txt}{space 3}no. of nonzero coef. = {res} 9
{txt}Folds: 1{txt}.{txt}.{txt}.{txt}5{txt}.{txt}.{txt}.{txt}.{txt}10{space 3}CVF ={res} .7158422
{txt}Grid value {res}15{txt}:{col 19}{txt}lambda ={res} .0123565{txt}{space 3}no. of nonzero coef. = {res} 9
{txt}Folds: 1{txt}.{txt}.{txt}.{txt}5{txt}.{txt}.{txt}.{txt}.{txt}10{space 3}CVF ={res}  .714711
{txt}Grid value {res}16{txt}:{col 19}{txt}lambda ={res} .0112588{txt}{space 3}no. of nonzero coef. = {res} 9
{txt}Folds: 1{txt}.{txt}.{txt}.{txt}5{txt}.{txt}.{txt}.{txt}.{txt}10{space 3}CVF ={res}  .713751
{txt}Grid value {res}17{txt}:{col 19}{txt}lambda ={res} .0102586{txt}{space 3}no. of nonzero coef. = {res} 9
{txt}Folds: 1{txt}.{txt}.{txt}.{txt}5{txt}.{txt}.{txt}.{txt}.{txt}10{space 3}CVF ={res}  .712913
{txt}Grid value {res}18{txt}:{col 19}{txt}lambda ={res} .0093473{txt}{space 3}no. of nonzero coef. = {res} 9
{txt}Folds: 1{txt}.{txt}.{txt}.{txt}5{txt}.{txt}.{txt}.{txt}.{txt}10{space 3}CVF ={res} .7122217
{txt}Grid value {res}19{txt}:{col 19}{txt}lambda ={res} .0085169{txt}{space 3}no. of nonzero coef. = {res} 9
{txt}Folds: 1{txt}.{txt}.{txt}.{txt}5{txt}.{txt}.{txt}.{txt}.{txt}10{space 3}CVF ={res} .7116518
{txt}Grid value {res}20{txt}:{col 19}{txt}lambda ={res} .0077603{txt}{space 3}no. of nonzero coef. = {res} 9
{txt}Folds: 1{txt}.{txt}.{txt}.{txt}5{txt}.{txt}.{txt}.{txt}.{txt}10{space 3}CVF ={res} .7111773
{txt}Grid value {res}21{txt}:{col 19}{txt}lambda ={res} .0070709{txt}{space 3}no. of nonzero coef. = {res} 9
{txt}Folds: 1{txt}.{txt}.{txt}.{txt}5{txt}.{txt}.{txt}.{txt}.{txt}10{space 3}CVF ={res} .7107663
{txt}Grid value {res}22{txt}:{col 19}{txt}lambda ={res} .0064427{txt}{space 3}no. of nonzero coef. = {res} 9
{txt}Folds: 1{txt}.{txt}.{txt}.{txt}5{txt}.{txt}.{txt}.{txt}.{txt}10{space 3}CVF ={res} .7104261
{txt}Grid value {res}23{txt}:{col 19}{txt}lambda ={res} .0058704{txt}{space 3}no. of nonzero coef. = {res} 9
{txt}Folds: 1{txt}.{txt}.{txt}.{txt}5{txt}.{txt}.{txt}.{txt}.{txt}10{space 3}CVF ={res} .7101445
{txt}Grid value {res}24{txt}:{col 19}{txt}lambda ={res} .0053489{txt}{space 3}no. of nonzero coef. = {res} 9
{txt}Folds: 1{txt}.{txt}.{txt}.{txt}5{txt}.{txt}.{txt}.{txt}.{txt}10{space 3}CVF ={res} .7099701
{txt}Grid value {res}25{txt}:{col 19}{txt}lambda ={res} .0048737{txt}{space 3}no. of nonzero coef. = {res} 9
{txt}Folds: 1{txt}.{txt}.{txt}.{txt}5{txt}.{txt}.{txt}.{txt}.{txt}10{space 3}CVF ={res} .7099032
{txt}Grid value {res}26{txt}:{col 19}{txt}lambda ={res} .0044407{txt}{space 3}no. of nonzero coef. = {res} 9
{txt}Folds: 1{txt}.{txt}.{txt}.{txt}5{txt}.{txt}.{txt}.{txt}.{txt}10{space 3}CVF ={res} .7098742
{txt}Grid value {res}27{txt}:{col 19}{txt}lambda ={res} .0040462{txt}{space 3}no. of nonzero coef. = {res} 9
{txt}Folds: 1{txt}.{txt}.{txt}.{txt}5{txt}.{txt}.{txt}.{txt}.{txt}10{space 3}CVF ={res} .7098647
{txt}Grid value {res}28{txt}:{col 19}{txt}lambda ={res} .0036868{txt}{space 3}no. of nonzero coef. = {res} 9
{txt}Folds: 1{txt}.{txt}.{txt}.{txt}5{txt}.{txt}.{txt}.{txt}.{txt}10{space 3}CVF ={res} .7098829
{txt}Grid value {res}29{txt}:{col 19}{txt}lambda ={res} .0033592{txt}{space 3}no. of nonzero coef. = {res} 9
{txt}Folds: 1{txt}.{txt}.{txt}.{txt}5{txt}.{txt}.{txt}.{txt}.{txt}10{space 3}CVF ={res} .7099146
{txt}Grid value {res}30{txt}:{col 19}{txt}lambda ={res} .0030608{txt}{space 3}no. of nonzero coef. = {res}10
{txt}Folds: 1{txt}.{txt}.{txt}.{txt}5{txt}.{txt}.{txt}.{txt}.{txt}10{space 3}CVF ={res} .7099564
{txt}Grid value {res}31{txt}:{col 19}{txt}lambda ={res} .0027889{txt}{space 3}no. of nonzero coef. = {res}10
{txt}Folds: 1{txt}.{txt}.{txt}.{txt}5{txt}.{txt}.{txt}.{txt}.{txt}10{space 3}CVF ={res} .7100039
{txt}Grid value {res}32{txt}:{col 19}{txt}lambda ={res} .0025411{txt}{space 3}no. of nonzero coef. = {res}10
{txt}Folds: 1{txt}.{txt}.{txt}.{txt}5{txt}.{txt}.{txt}.{txt}.{txt}10{space 3}CVF ={res} .7100537
{txt}Grid value {res}33{txt}:{col 19}{txt}lambda ={res} .0023154{txt}{space 3}no. of nonzero coef. = {res}10
{txt}Folds: 1{txt}.{txt}.{txt}.{txt}5{txt}.{txt}.{txt}.{txt}.{txt}10{space 3}CVF ={res} .7100942
{txt}Grid value {res}34{txt}:{col 19}{txt}lambda ={res} .0021097{txt}{space 3}no. of nonzero coef. = {res}10
{txt}Folds: 1{txt}.{txt}.{txt}.{txt}5{txt}.{txt}.{txt}.{txt}.{txt}10{space 3}CVF ={res} .7101366
{txt}Grid value {res}35{txt}:{col 19}{txt}lambda ={res} .0019223{txt}{space 3}no. of nonzero coef. = {res}10
{txt}Folds: 1{txt}.{txt}.{txt}.{txt}5{txt}.{txt}.{txt}.{txt}.{txt}10{space 3}CVF ={res} .7101799
{txt}Grid value {res}36{txt}:{col 19}{txt}lambda ={res} .0017515{txt}{space 3}no. of nonzero coef. = {res}10
{txt}Folds: 1{txt}.{txt}.{txt}.{txt}5{txt}.{txt}.{txt}.{txt}.{txt}10{space 3}CVF ={res} .7101882
{txt}Grid value {res}37{txt}:{col 19}{txt}lambda ={res} .0015959{txt}{space 3}no. of nonzero coef. = {res}10
{txt}Folds: 1{txt}.{txt}.{txt}.{txt}5{txt}.{txt}.{txt}.{txt}.{txt}10{space 3}CVF ={res}  .710182
{txt}Grid value {res}38{txt}:{col 19}{txt}lambda ={res} .0014541{txt}{space 3}no. of nonzero coef. = {res}10
{txt}Folds: 1{txt}.{txt}.{txt}.{txt}5{txt}.{txt}.{txt}.{txt}.{txt}10{space 3}CVF ={res} .7101796
{txt}Grid value {res}39{txt}:{col 19}{txt}lambda ={res}  .001325{txt}{space 3}no. of nonzero coef. = {res}10
{txt}Folds: 1{txt}.{txt}.{txt}.{txt}5{txt}.{txt}.{txt}.{txt}.{txt}10{space 3}CVF ={res} .7101801
{txt}Grid value {res}40{txt}:{col 19}{txt}lambda ={res} .0012072{txt}{space 3}no. of nonzero coef. = {res}10
{txt}Folds: 1{txt}.{txt}.{txt}.{txt}5{txt}.{txt}.{txt}.{txt}.{txt}10{space 3}CVF ={res} .7101828
{txt}Grid value {res}41{txt}:{col 19}{txt}lambda ={res}    .0011{txt}{space 3}no. of nonzero coef. = {res}10
{txt}Folds: 1{txt}.{txt}.{txt}.{txt}5{txt}.{txt}.{txt}.{txt}.{txt}10{space 3}CVF ={res} .7101871
{txt}Grid value {res}42{txt}:{col 19}{txt}lambda ={res} .0010023{txt}{space 3}no. of nonzero coef. = {res}10
{txt}Folds: 1{txt}.{txt}.{txt}.{txt}5{txt}.{txt}.{txt}.{txt}.{txt}10{space 3}CVF ={res} .7101926
{txt}Grid value {res}43{txt}:{col 19}{txt}lambda ={res} .0009132{txt}{space 3}no. of nonzero coef. = {res}10
{txt}Folds: 1{txt}.{txt}.{txt}.{txt}5{txt}.{txt}.{txt}.{txt}.{txt}10{space 3}CVF ={res}  .710199
{txt}Grid value {res}44{txt}:{col 19}{txt}lambda ={res} .0008321{txt}{space 3}no. of nonzero coef. = {res}10
{txt}Folds: 1{txt}.{txt}.{txt}.{txt}5{txt}.{txt}.{txt}.{txt}.{txt}10{space 3}CVF ={res} .7102058
{txt}Grid value {res}45{txt}:{col 19}{txt}lambda ={res} .0007582{txt}{space 3}no. of nonzero coef. = {res}10
{txt}Folds: 1{txt}.{txt}.{txt}.{txt}5{txt}.{txt}.{txt}.{txt}.{txt}10{space 3}CVF ={res} .7102019
{txt}Grid value {res}46{txt}:{col 19}{txt}lambda ={res} .0006908{txt}{space 3}no. of nonzero coef. = {res}10
{txt}Folds: 1{txt}.{txt}.{txt}.{txt}5{txt}.{txt}.{txt}.{txt}.{txt}10{space 3}CVF ={res} .7101974
{txt}Grid value {res}47{txt}:{col 19}{txt}lambda ={res} .0006295{txt}{space 3}no. of nonzero coef. = {res}10
{txt}Folds: 1{txt}.{txt}.{txt}.{txt}5{txt}.{txt}.{txt}.{txt}.{txt}10{space 3}CVF ={res} .7101939
{txt}Grid value {res}48{txt}:{col 19}{txt}lambda ={res} .0005735{txt}{space 3}no. of nonzero coef. = {res}10
{txt}Folds: 1{txt}.{txt}.{txt}.{txt}5{txt}.{txt}.{txt}.{txt}.{txt}10{space 3}CVF ={res} .7101912
{txt}Grid value {res}49{txt}:{col 19}{txt}lambda ={res} .0005226{txt}{space 3}no. of nonzero coef. = {res}10
{txt}Folds: 1{txt}.{txt}.{txt}.{txt}5{txt}.{txt}.{txt}.{txt}.{txt}10{space 3}CVF ={res} .7101893
{txt}Grid value {res}50{txt}:{col 19}{txt}lambda ={res} .0004762{txt}{space 3}no. of nonzero coef. = {res}10
{txt}Folds: 1{txt}.{txt}.{txt}.{txt}5{txt}.{txt}.{txt}.{txt}.{txt}10{space 3}CVF ={res} .7101878
{txt}Grid value {res}51{txt}:{col 19}{txt}lambda ={res} .0004339{txt}{space 3}no. of nonzero coef. = {res}10
{txt}Folds: 1{txt}.{txt}.{txt}.{txt}5{txt}.{txt}.{txt}.{txt}.{txt}10{space 3}CVF ={res} .7101868
{txt}Grid value {res}52{txt}:{col 19}{txt}lambda ={res} .0003953{txt}{space 3}no. of nonzero coef. = {res}10
{txt}Folds: 1{txt}.{txt}.{txt}.{txt}5{txt}.{txt}.{txt}.{txt}.{txt}10{space 3}CVF ={res} .7101862
{txt}Grid value {res}53{txt}:{col 19}{txt}lambda ={res} .0003602{txt}{space 3}no. of nonzero coef. = {res}10
{txt}Folds: 1{txt}.{txt}.{txt}.{txt}5{txt}.{txt}.{txt}.{txt}.{txt}10{space 3}CVF ={res} .7101858
{txt}Grid value {res}54{txt}:{col 19}{txt}lambda ={res} .0003282{txt}{space 3}no. of nonzero coef. = {res}10
{txt}Folds: 1{txt}.{txt}.{txt}.{txt}5{txt}.{txt}.{txt}.{txt}.{txt}10{space 3}CVF ={res} .7101856
{txt}Grid value {res}55{txt}:{col 19}{txt}lambda ={res}  .000299{txt}{space 3}no. of nonzero coef. = {res}10
{txt}Folds: 1{txt}.{txt}.{txt}.{txt}5{txt}.{txt}.{txt}.{txt}.{txt}10{space 3}CVF ={res} .7101855
{txt}Grid value {res}56{txt}:{col 19}{txt}lambda ={res} .0002725{txt}{space 3}no. of nonzero coef. = {res}10
{txt}Folds: 1{txt}.{txt}.{txt}.{txt}5{txt}.{txt}.{txt}.{txt}.{txt}10{space 3}CVF ={res} .7101856
{txt}Grid value {res}57{txt}:{col 19}{txt}lambda ={res} .0002483{txt}{space 3}no. of nonzero coef. = {res}10
{txt}Folds: 1{txt}.{txt}.{txt}.{txt}5{txt}.{txt}.{txt}.{txt}.{txt}10{space 3}CVF ={res} .7101858
{txt}Grid value {res}58{txt}:{col 19}{txt}lambda ={res} .0002262{txt}{space 3}no. of nonzero coef. = {res}10
{txt}Folds: 1{txt}.{txt}.{txt}.{txt}5{txt}.{txt}.{txt}.{txt}.{txt}10{space 3}CVF ={res}  .710186
{txt}Grid value {res}59{txt}:{col 19}{txt}lambda ={res} .0002061{txt}{space 3}no. of nonzero coef. = {res}10
{txt}Folds: 1{txt}.{txt}.{txt}.{txt}5{txt}.{txt}.{txt}.{txt}.{txt}10{space 3}CVF ={res} .7101863
{txt}... change in deviance stopping tolerance reached ... last lambda selected
{res}{txt}
Lasso linear {txt}model{txt}{col 45}No. of obs{col 63}={res}      1,272
{txt}{col 45}No. of covariates{col 63}={res}         11
{txt}Selection: Cross-validation{txt}{col 45}No. of CV folds{col 63}={res}         10

{txt}{hline 9}{c TT}{hline 17}{hline 11}{hline 10}{hline 13}{hline 13}
{col 10}{c |}{col 39}    No. of{col 49}      Out-of-{col 62}      CV mean
{col 10}{c |}{col 39}   nonzero{col 49}       sample{col 62}   prediction
{col 1}      ID{col 10}{c |}     Description{col 28}     lambda{col 39}     coef.{col 49}    R-squared{col 62}        error
{hline 9}{c +}{hline 17}{hline 11}{hline 10}{hline 13}{hline 13}
{col 1}       1{col 10}{c |}    first lambda{col 28}{res}{space 2} .0454521{col 39}{space 1}        5{col 49}{space 6} 0.0592{col 62}{space 4} .7252254
{col 1}{txt}      26{col 10}{c |}   lambda before{col 28}{res}{space 2} .0044407{col 39}{space 1}        9{col 49}{space 6} 0.0791{col 62}{space 4} .7098742
{col 1}{txt}    * 27{col 10}{c |} selected lambda{col 28}{res}{space 2} .0040462{col 39}{space 1}        9{col 49}{space 6} 0.0791{col 62}{space 4} .7098647
{col 1}{txt}      28{col 10}{c |}    lambda after{col 28}{res}{space 2} .0036868{col 39}{space 1}        9{col 49}{space 6} 0.0791{col 62}{space 4} .7098829
{col 1}{txt}      59{col 10}{c |}     last lambda{col 28}{res}{space 2} .0002061{col 39}{space 1}       10{col 49}{space 6} 0.0787{col 62}{space 4} .7101863
{txt}{hline 9}{c BT}{hline 17}{hline 11}{hline 10}{hline 13}{hline 13}
* lambda selected by cross-validation.

{com}. 
. 
. cvplot 
{res}{txt}
{com}. graph save "E:\16GBBACKUPUSB\BACKUP_USB_SEPTEMBER2014\SUMMER_STUDENT_2025\HRS_NHANES_HANDLS_TLEPIGENMORT\FIGURES\NHANES_FIGURES2_LASSO\FIGURES2_TELOMEAN.gph",replace
{res}{txt}file {bf:E:\16GBBACKUPUSB\BACKUP_USB_SEPTEMBER2014\SUMMER_STUDENT_2025\HRS_NHANES_HANDLS_TLEPIGENMORT\FIGURES\NHANES_FIGURES2_LASSO\FIGURES2_TELOMEAN.gph} saved

{com}. 
. estimates store cvTELOMEAN
{res}{txt}
{com}. 
. lassoknots, display(nonzero osr2 bic)
{res}
{txt}{hline 7}{c TT}{hline 9}{hline 11}{hline 12}{hline 11}
{col 8}{c |}{col 18}     No. of{col 29}     Out-of-
{col 8}{c |}{col 18}    nonzero{col 29}      sample
{col 1}    ID{col 8}{c |}   lambda{col 18}      coef.{col 29}   R-squared{col 41}        BIC
{hline 7}{c +}{hline 9}{hline 11}{hline 12}{hline 11}
{col 1}     1{col 8}{c |}{res} .0454521{col 18}{space 4}      5{col 29}{space 5} 0.0592{col 41}{space 2} 3234.159
{col 1}{txt}     2{col 8}{c |}{res} .0414142{col 18}{space 4}      6{col 29}{space 5} 0.0597{col 41}{space 2} 3238.148
{col 1}{txt}    10{col 8}{c |}{res} .0196751{col 18}{space 4}      7{col 29}{space 5} 0.0669{col 41}{space 2} 3233.015
{col 1}{txt}    12{col 8}{c |}{res} .0163346{col 18}{space 4}      9{col 29}{space 5} 0.0678{col 41}{space 2} 3242.852
{col 1}{txt}  * 27{col 8}{c |}{res} .0040462{col 18}{space 4}      9{col 29}{space 5} 0.0791{col 41}{space 2} 3224.388
{col 1}{txt}    30{col 8}{c |}{res} .0030608{col 18}{space 4}     10{col 29}{space 5} 0.0790{col 41}{space 2} 3231.001
{col 1}{txt}    59{col 8}{c |}{res} .0002061{col 18}{space 4}     10{col 29}{space 5} 0.0787{col 41}{space 2} 3229.669
{txt}{hline 7}{c BT}{hline 9}{hline 11}{hline 12}{hline 11}
* lambda selected by cross-validation.

{com}. 
. lassoselect id=27
{res}{txt}{bf:ID} = {res}27  {txt}lambda = {res}.0040462 {txt}selected

{com}. 
. cvplot
{res}{txt}
{com}. 
. estimates store minBICTELOMEAN
{res}{txt}
{com}. 
. lasso linear ztelomean_no_outliers (AGE SEX i.RACE)  zHorvathAgeEAA zHannumAgeEAA zPhenoAgeEAA zGrimAgeMortEAA zDunedinPoAm if sample_LASSO==1, selection(adaptive) rseed(1234)
{res}
{p 0 2 2}
{txt}Lasso step {res}1{txt} of {res}2{txt}:
{p_end}
{res}
{res}10{txt}-fold cross-validation with {res}100 {txt}lambdas ...
{txt}Grid value {res}1{txt}:{col 19}{txt}lambda ={res} .0454521{txt}{space 3}no. of nonzero coef. = {res} 5
{txt}Folds: 1{txt}.{txt}.{txt}.{txt}5{txt}.{txt}.{txt}.{txt}.{txt}10{space 3}CVF ={res} .7252254
{txt}Grid value {res}2{txt}:{col 19}{txt}lambda ={res} .0414142{txt}{space 3}no. of nonzero coef. = {res} 6
{txt}Folds: 1{txt}.{txt}.{txt}.{txt}5{txt}.{txt}.{txt}.{txt}.{txt}10{space 3}CVF ={res} .7248591
{txt}Grid value {res}3{txt}:{col 19}{txt}lambda ={res} .0377351{txt}{space 3}no. of nonzero coef. = {res} 6
{txt}Folds: 1{txt}.{txt}.{txt}.{txt}5{txt}.{txt}.{txt}.{txt}.{txt}10{space 3}CVF ={res} .7237016
{txt}Grid value {res}4{txt}:{col 19}{txt}lambda ={res} .0343828{txt}{space 3}no. of nonzero coef. = {res} 6
{txt}Folds: 1{txt}.{txt}.{txt}.{txt}5{txt}.{txt}.{txt}.{txt}.{txt}10{space 3}CVF ={res} .7224372
{txt}Grid value {res}5{txt}:{col 19}{txt}lambda ={res} .0313284{txt}{space 3}no. of nonzero coef. = {res} 6
{txt}Folds: 1{txt}.{txt}.{txt}.{txt}5{txt}.{txt}.{txt}.{txt}.{txt}10{space 3}CVF ={res} .7213888
{txt}Grid value {res}6{txt}:{col 19}{txt}lambda ={res} .0285452{txt}{space 3}no. of nonzero coef. = {res} 6
{txt}Folds: 1{txt}.{txt}.{txt}.{txt}5{txt}.{txt}.{txt}.{txt}.{txt}10{space 3}CVF ={res} .7206061
{txt}Grid value {res}7{txt}:{col 19}{txt}lambda ={res} .0260094{txt}{space 3}no. of nonzero coef. = {res} 6
{txt}Folds: 1{txt}.{txt}.{txt}.{txt}5{txt}.{txt}.{txt}.{txt}.{txt}10{space 3}CVF ={res} .7199997
{txt}Grid value {res}8{txt}:{col 19}{txt}lambda ={res} .0236988{txt}{space 3}no. of nonzero coef. = {res} 6
{txt}Folds: 1{txt}.{txt}.{txt}.{txt}5{txt}.{txt}.{txt}.{txt}.{txt}10{space 3}CVF ={res} .7195815
{txt}Grid value {res}9{txt}:{col 19}{txt}lambda ={res} .0215934{txt}{space 3}no. of nonzero coef. = {res} 6
{txt}Folds: 1{txt}.{txt}.{txt}.{txt}5{txt}.{txt}.{txt}.{txt}.{txt}10{space 3}CVF ={res} .7193203
{txt}Grid value {res}10{txt}:{col 19}{txt}lambda ={res} .0196751{txt}{space 3}no. of nonzero coef. = {res} 7
{txt}Folds: 1{txt}.{txt}.{txt}.{txt}5{txt}.{txt}.{txt}.{txt}.{txt}10{space 3}CVF ={res} .7192693
{txt}Grid value {res}11{txt}:{col 19}{txt}lambda ={res} .0179272{txt}{space 3}no. of nonzero coef. = {res} 7
{txt}Folds: 1{txt}.{txt}.{txt}.{txt}5{txt}.{txt}.{txt}.{txt}.{txt}10{space 3}CVF ={res} .7192155
{txt}Grid value {res}12{txt}:{col 19}{txt}lambda ={res} .0163346{txt}{space 3}no. of nonzero coef. = {res} 9
{txt}Folds: 1{txt}.{txt}.{txt}.{txt}5{txt}.{txt}.{txt}.{txt}.{txt}10{space 3}CVF ={res} .7186436
{txt}Grid value {res}13{txt}:{col 19}{txt}lambda ={res} .0148835{txt}{space 3}no. of nonzero coef. = {res} 9
{txt}Folds: 1{txt}.{txt}.{txt}.{txt}5{txt}.{txt}.{txt}.{txt}.{txt}10{space 3}CVF ={res} .7172008
{txt}Grid value {res}14{txt}:{col 19}{txt}lambda ={res} .0135613{txt}{space 3}no. of nonzero coef. = {res} 9
{txt}Folds: 1{txt}.{txt}.{txt}.{txt}5{txt}.{txt}.{txt}.{txt}.{txt}10{space 3}CVF ={res} .7158422
{txt}Grid value {res}15{txt}:{col 19}{txt}lambda ={res} .0123565{txt}{space 3}no. of nonzero coef. = {res} 9
{txt}Folds: 1{txt}.{txt}.{txt}.{txt}5{txt}.{txt}.{txt}.{txt}.{txt}10{space 3}CVF ={res}  .714711
{txt}Grid value {res}16{txt}:{col 19}{txt}lambda ={res} .0112588{txt}{space 3}no. of nonzero coef. = {res} 9
{txt}Folds: 1{txt}.{txt}.{txt}.{txt}5{txt}.{txt}.{txt}.{txt}.{txt}10{space 3}CVF ={res}  .713751
{txt}Grid value {res}17{txt}:{col 19}{txt}lambda ={res} .0102586{txt}{space 3}no. of nonzero coef. = {res} 9
{txt}Folds: 1{txt}.{txt}.{txt}.{txt}5{txt}.{txt}.{txt}.{txt}.{txt}10{space 3}CVF ={res}  .712913
{txt}Grid value {res}18{txt}:{col 19}{txt}lambda ={res} .0093473{txt}{space 3}no. of nonzero coef. = {res} 9
{txt}Folds: 1{txt}.{txt}.{txt}.{txt}5{txt}.{txt}.{txt}.{txt}.{txt}10{space 3}CVF ={res} .7122217
{txt}Grid value {res}19{txt}:{col 19}{txt}lambda ={res} .0085169{txt}{space 3}no. of nonzero coef. = {res} 9
{txt}Folds: 1{txt}.{txt}.{txt}.{txt}5{txt}.{txt}.{txt}.{txt}.{txt}10{space 3}CVF ={res} .7116518
{txt}Grid value {res}20{txt}:{col 19}{txt}lambda ={res} .0077603{txt}{space 3}no. of nonzero coef. = {res} 9
{txt}Folds: 1{txt}.{txt}.{txt}.{txt}5{txt}.{txt}.{txt}.{txt}.{txt}10{space 3}CVF ={res} .7111773
{txt}Grid value {res}21{txt}:{col 19}{txt}lambda ={res} .0070709{txt}{space 3}no. of nonzero coef. = {res} 9
{txt}Folds: 1{txt}.{txt}.{txt}.{txt}5{txt}.{txt}.{txt}.{txt}.{txt}10{space 3}CVF ={res} .7107663
{txt}Grid value {res}22{txt}:{col 19}{txt}lambda ={res} .0064427{txt}{space 3}no. of nonzero coef. = {res} 9
{txt}Folds: 1{txt}.{txt}.{txt}.{txt}5{txt}.{txt}.{txt}.{txt}.{txt}10{space 3}CVF ={res} .7104261
{txt}Grid value {res}23{txt}:{col 19}{txt}lambda ={res} .0058704{txt}{space 3}no. of nonzero coef. = {res} 9
{txt}Folds: 1{txt}.{txt}.{txt}.{txt}5{txt}.{txt}.{txt}.{txt}.{txt}10{space 3}CVF ={res} .7101445
{txt}Grid value {res}24{txt}:{col 19}{txt}lambda ={res} .0053489{txt}{space 3}no. of nonzero coef. = {res} 9
{txt}Folds: 1{txt}.{txt}.{txt}.{txt}5{txt}.{txt}.{txt}.{txt}.{txt}10{space 3}CVF ={res} .7099701
{txt}Grid value {res}25{txt}:{col 19}{txt}lambda ={res} .0048737{txt}{space 3}no. of nonzero coef. = {res} 9
{txt}Folds: 1{txt}.{txt}.{txt}.{txt}5{txt}.{txt}.{txt}.{txt}.{txt}10{space 3}CVF ={res} .7099032
{txt}Grid value {res}26{txt}:{col 19}{txt}lambda ={res} .0044407{txt}{space 3}no. of nonzero coef. = {res} 9
{txt}Folds: 1{txt}.{txt}.{txt}.{txt}5{txt}.{txt}.{txt}.{txt}.{txt}10{space 3}CVF ={res} .7098742
{txt}Grid value {res}27{txt}:{col 19}{txt}lambda ={res} .0040462{txt}{space 3}no. of nonzero coef. = {res} 9
{txt}Folds: 1{txt}.{txt}.{txt}.{txt}5{txt}.{txt}.{txt}.{txt}.{txt}10{space 3}CVF ={res} .7098647
{txt}Grid value {res}28{txt}:{col 19}{txt}lambda ={res} .0036868{txt}{space 3}no. of nonzero coef. = {res} 9
{txt}Folds: 1{txt}.{txt}.{txt}.{txt}5{txt}.{txt}.{txt}.{txt}.{txt}10{space 3}CVF ={res} .7098829
{txt}Grid value {res}29{txt}:{col 19}{txt}lambda ={res} .0033592{txt}{space 3}no. of nonzero coef. = {res} 9
{txt}Folds: 1{txt}.{txt}.{txt}.{txt}5{txt}.{txt}.{txt}.{txt}.{txt}10{space 3}CVF ={res} .7099146
{txt}Grid value {res}30{txt}:{col 19}{txt}lambda ={res} .0030608{txt}{space 3}no. of nonzero coef. = {res}10
{txt}Folds: 1{txt}.{txt}.{txt}.{txt}5{txt}.{txt}.{txt}.{txt}.{txt}10{space 3}CVF ={res} .7099564
{txt}Grid value {res}31{txt}:{col 19}{txt}lambda ={res} .0027889{txt}{space 3}no. of nonzero coef. = {res}10
{txt}Folds: 1{txt}.{txt}.{txt}.{txt}5{txt}.{txt}.{txt}.{txt}.{txt}10{space 3}CVF ={res} .7100039
{txt}Grid value {res}32{txt}:{col 19}{txt}lambda ={res} .0025411{txt}{space 3}no. of nonzero coef. = {res}10
{txt}Folds: 1{txt}.{txt}.{txt}.{txt}5{txt}.{txt}.{txt}.{txt}.{txt}10{space 3}CVF ={res} .7100537
{txt}Grid value {res}33{txt}:{col 19}{txt}lambda ={res} .0023154{txt}{space 3}no. of nonzero coef. = {res}10
{txt}Folds: 1{txt}.{txt}.{txt}.{txt}5{txt}.{txt}.{txt}.{txt}.{txt}10{space 3}CVF ={res} .7100942
{txt}Grid value {res}34{txt}:{col 19}{txt}lambda ={res} .0021097{txt}{space 3}no. of nonzero coef. = {res}10
{txt}Folds: 1{txt}.{txt}.{txt}.{txt}5{txt}.{txt}.{txt}.{txt}.{txt}10{space 3}CVF ={res} .7101366
{txt}Grid value {res}35{txt}:{col 19}{txt}lambda ={res} .0019223{txt}{space 3}no. of nonzero coef. = {res}10
{txt}Folds: 1{txt}.{txt}.{txt}.{txt}5{txt}.{txt}.{txt}.{txt}.{txt}10{space 3}CVF ={res} .7101799
{txt}Grid value {res}36{txt}:{col 19}{txt}lambda ={res} .0017515{txt}{space 3}no. of nonzero coef. = {res}10
{txt}Folds: 1{txt}.{txt}.{txt}.{txt}5{txt}.{txt}.{txt}.{txt}.{txt}10{space 3}CVF ={res} .7101882
{txt}Grid value {res}37{txt}:{col 19}{txt}lambda ={res} .0015959{txt}{space 3}no. of nonzero coef. = {res}10
{txt}Folds: 1{txt}.{txt}.{txt}.{txt}5{txt}.{txt}.{txt}.{txt}.{txt}10{space 3}CVF ={res}  .710182
{txt}Grid value {res}38{txt}:{col 19}{txt}lambda ={res} .0014541{txt}{space 3}no. of nonzero coef. = {res}10
{txt}Folds: 1{txt}.{txt}.{txt}.{txt}5{txt}.{txt}.{txt}.{txt}.{txt}10{space 3}CVF ={res} .7101796
{txt}Grid value {res}39{txt}:{col 19}{txt}lambda ={res}  .001325{txt}{space 3}no. of nonzero coef. = {res}10
{txt}Folds: 1{txt}.{txt}.{txt}.{txt}5{txt}.{txt}.{txt}.{txt}.{txt}10{space 3}CVF ={res} .7101801
{txt}Grid value {res}40{txt}:{col 19}{txt}lambda ={res} .0012072{txt}{space 3}no. of nonzero coef. = {res}10
{txt}Folds: 1{txt}.{txt}.{txt}.{txt}5{txt}.{txt}.{txt}.{txt}.{txt}10{space 3}CVF ={res} .7101828
{txt}Grid value {res}41{txt}:{col 19}{txt}lambda ={res}    .0011{txt}{space 3}no. of nonzero coef. = {res}10
{txt}Folds: 1{txt}.{txt}.{txt}.{txt}5{txt}.{txt}.{txt}.{txt}.{txt}10{space 3}CVF ={res} .7101871
{txt}Grid value {res}42{txt}:{col 19}{txt}lambda ={res} .0010023{txt}{space 3}no. of nonzero coef. = {res}10
{txt}Folds: 1{txt}.{txt}.{txt}.{txt}5{txt}.{txt}.{txt}.{txt}.{txt}10{space 3}CVF ={res} .7101926
{txt}Grid value {res}43{txt}:{col 19}{txt}lambda ={res} .0009132{txt}{space 3}no. of nonzero coef. = {res}10
{txt}Folds: 1{txt}.{txt}.{txt}.{txt}5{txt}.{txt}.{txt}.{txt}.{txt}10{space 3}CVF ={res}  .710199
{txt}Grid value {res}44{txt}:{col 19}{txt}lambda ={res} .0008321{txt}{space 3}no. of nonzero coef. = {res}10
{txt}Folds: 1{txt}.{txt}.{txt}.{txt}5{txt}.{txt}.{txt}.{txt}.{txt}10{space 3}CVF ={res} .7102058
{txt}Grid value {res}45{txt}:{col 19}{txt}lambda ={res} .0007582{txt}{space 3}no. of nonzero coef. = {res}10
{txt}Folds: 1{txt}.{txt}.{txt}.{txt}5{txt}.{txt}.{txt}.{txt}.{txt}10{space 3}CVF ={res} .7102019
{txt}Grid value {res}46{txt}:{col 19}{txt}lambda ={res} .0006908{txt}{space 3}no. of nonzero coef. = {res}10
{txt}Folds: 1{txt}.{txt}.{txt}.{txt}5{txt}.{txt}.{txt}.{txt}.{txt}10{space 3}CVF ={res} .7101974
{txt}Grid value {res}47{txt}:{col 19}{txt}lambda ={res} .0006295{txt}{space 3}no. of nonzero coef. = {res}10
{txt}Folds: 1{txt}.{txt}.{txt}.{txt}5{txt}.{txt}.{txt}.{txt}.{txt}10{space 3}CVF ={res} .7101939
{txt}Grid value {res}48{txt}:{col 19}{txt}lambda ={res} .0005735{txt}{space 3}no. of nonzero coef. = {res}10
{txt}Folds: 1{txt}.{txt}.{txt}.{txt}5{txt}.{txt}.{txt}.{txt}.{txt}10{space 3}CVF ={res} .7101912
{txt}Grid value {res}49{txt}:{col 19}{txt}lambda ={res} .0005226{txt}{space 3}no. of nonzero coef. = {res}10
{txt}Folds: 1{txt}.{txt}.{txt}.{txt}5{txt}.{txt}.{txt}.{txt}.{txt}10{space 3}CVF ={res} .7101893
{txt}Grid value {res}50{txt}:{col 19}{txt}lambda ={res} .0004762{txt}{space 3}no. of nonzero coef. = {res}10
{txt}Folds: 1{txt}.{txt}.{txt}.{txt}5{txt}.{txt}.{txt}.{txt}.{txt}10{space 3}CVF ={res} .7101878
{txt}Grid value {res}51{txt}:{col 19}{txt}lambda ={res} .0004339{txt}{space 3}no. of nonzero coef. = {res}10
{txt}Folds: 1{txt}.{txt}.{txt}.{txt}5{txt}.{txt}.{txt}.{txt}.{txt}10{space 3}CVF ={res} .7101868
{txt}Grid value {res}52{txt}:{col 19}{txt}lambda ={res} .0003953{txt}{space 3}no. of nonzero coef. = {res}10
{txt}Folds: 1{txt}.{txt}.{txt}.{txt}5{txt}.{txt}.{txt}.{txt}.{txt}10{space 3}CVF ={res} .7101862
{txt}Grid value {res}53{txt}:{col 19}{txt}lambda ={res} .0003602{txt}{space 3}no. of nonzero coef. = {res}10
{txt}Folds: 1{txt}.{txt}.{txt}.{txt}5{txt}.{txt}.{txt}.{txt}.{txt}10{space 3}CVF ={res} .7101858
{txt}Grid value {res}54{txt}:{col 19}{txt}lambda ={res} .0003282{txt}{space 3}no. of nonzero coef. = {res}10
{txt}Folds: 1{txt}.{txt}.{txt}.{txt}5{txt}.{txt}.{txt}.{txt}.{txt}10{space 3}CVF ={res} .7101856
{txt}Grid value {res}55{txt}:{col 19}{txt}lambda ={res}  .000299{txt}{space 3}no. of nonzero coef. = {res}10
{txt}Folds: 1{txt}.{txt}.{txt}.{txt}5{txt}.{txt}.{txt}.{txt}.{txt}10{space 3}CVF ={res} .7101855
{txt}Grid value {res}56{txt}:{col 19}{txt}lambda ={res} .0002725{txt}{space 3}no. of nonzero coef. = {res}10
{txt}Folds: 1{txt}.{txt}.{txt}.{txt}5{txt}.{txt}.{txt}.{txt}.{txt}10{space 3}CVF ={res} .7101856
{txt}Grid value {res}57{txt}:{col 19}{txt}lambda ={res} .0002483{txt}{space 3}no. of nonzero coef. = {res}10
{txt}Folds: 1{txt}.{txt}.{txt}.{txt}5{txt}.{txt}.{txt}.{txt}.{txt}10{space 3}CVF ={res} .7101858
{txt}Grid value {res}58{txt}:{col 19}{txt}lambda ={res} .0002262{txt}{space 3}no. of nonzero coef. = {res}10
{txt}Folds: 1{txt}.{txt}.{txt}.{txt}5{txt}.{txt}.{txt}.{txt}.{txt}10{space 3}CVF ={res}  .710186
{txt}Grid value {res}59{txt}:{col 19}{txt}lambda ={res} .0002061{txt}{space 3}no. of nonzero coef. = {res}10
{txt}Folds: 1{txt}.{txt}.{txt}.{txt}5{txt}.{txt}.{txt}.{txt}.{txt}10{space 3}CVF ={res} .7101863
{txt}... change in deviance stopping tolerance reached ... last lambda selected

{p 0 2 2}
Lasso step {res}2{txt} of {res}2{txt}:
{p_end}
{res}
{txt}Evaluating up to {res}100 {txt}lambdas in grid ...
{txt}Grid value {res}1{txt}:{col 19}{txt}lambda ={res} .1061965{txt}{space 3}no. of nonzero coef. = {res} 5
{txt}Grid value {res}2{txt}:{col 19}{txt}lambda ={res} .0967623{txt}{space 3}no. of nonzero coef. = {res} 6
{txt}Grid value {res}3{txt}:{col 19}{txt}lambda ={res} .0881662{txt}{space 3}no. of nonzero coef. = {res} 6
{txt}Grid value {res}4{txt}:{col 19}{txt}lambda ={res} .0803338{txt}{space 3}no. of nonzero coef. = {res} 6
{txt}Grid value {res}5{txt}:{col 19}{txt}lambda ={res} .0731971{txt}{space 3}no. of nonzero coef. = {res} 6
{txt}Grid value {res}6{txt}:{col 19}{txt}lambda ={res} .0666945{txt}{space 3}no. of nonzero coef. = {res} 6
{txt}Grid value {res}7{txt}:{col 19}{txt}lambda ={res} .0607696{txt}{space 3}no. of nonzero coef. = {res} 6
{txt}Grid value {res}8{txt}:{col 19}{txt}lambda ={res}  .055371{txt}{space 3}no. of nonzero coef. = {res} 6
{txt}Grid value {res}9{txt}:{col 19}{txt}lambda ={res}  .050452{txt}{space 3}no. of nonzero coef. = {res} 6
{txt}Grid value {res}10{txt}:{col 19}{txt}lambda ={res} .0459699{txt}{space 3}no. of nonzero coef. = {res} 6
{txt}Grid value {res}11{txt}:{col 19}{txt}lambda ={res} .0418861{txt}{space 3}no. of nonzero coef. = {res} 6
{txt}Grid value {res}12{txt}:{col 19}{txt}lambda ={res} .0381651{txt}{space 3}no. of nonzero coef. = {res} 6
{txt}Grid value {res}13{txt}:{col 19}{txt}lambda ={res} .0347746{txt}{space 3}no. of nonzero coef. = {res} 7
{txt}Grid value {res}14{txt}:{col 19}{txt}lambda ={res} .0316853{txt}{space 3}no. of nonzero coef. = {res} 7
{txt}Grid value {res}15{txt}:{col 19}{txt}lambda ={res} .0288705{txt}{space 3}no. of nonzero coef. = {res} 7
{txt}Grid value {res}16{txt}:{col 19}{txt}lambda ={res} .0263057{txt}{space 3}no. of nonzero coef. = {res} 7
{txt}Grid value {res}17{txt}:{col 19}{txt}lambda ={res} .0239688{txt}{space 3}no. of nonzero coef. = {res} 7
{txt}Grid value {res}18{txt}:{col 19}{txt}lambda ={res} .0218394{txt}{space 3}no. of nonzero coef. = {res} 7
{txt}Grid value {res}19{txt}:{col 19}{txt}lambda ={res} .0198993{txt}{space 3}no. of nonzero coef. = {res} 7
{txt}Grid value {res}20{txt}:{col 19}{txt}lambda ={res} .0181315{txt}{space 3}no. of nonzero coef. = {res} 7
{txt}Grid value {res}21{txt}:{col 19}{txt}lambda ={res} .0165207{txt}{space 3}no. of nonzero coef. = {res} 7
{txt}Grid value {res}22{txt}:{col 19}{txt}lambda ={res} .0150531{txt}{space 3}no. of nonzero coef. = {res} 7
{txt}Grid value {res}23{txt}:{col 19}{txt}lambda ={res} .0137158{txt}{space 3}no. of nonzero coef. = {res} 8
{txt}Grid value {res}24{txt}:{col 19}{txt}lambda ={res} .0124973{txt}{space 3}no. of nonzero coef. = {res} 8
{txt}Grid value {res}25{txt}:{col 19}{txt}lambda ={res} .0113871{txt}{space 3}no. of nonzero coef. = {res} 8
{txt}Grid value {res}26{txt}:{col 19}{txt}lambda ={res} .0103755{txt}{space 3}no. of nonzero coef. = {res} 8
{txt}Grid value {res}27{txt}:{col 19}{txt}lambda ={res} .0094538{txt}{space 3}no. of nonzero coef. = {res} 8
{txt}Grid value {res}28{txt}:{col 19}{txt}lambda ={res} .0086139{txt}{space 3}no. of nonzero coef. = {res} 8
{txt}Grid value {res}29{txt}:{col 19}{txt}lambda ={res} .0078487{txt}{space 3}no. of nonzero coef. = {res} 8
{txt}Grid value {res}30{txt}:{col 19}{txt}lambda ={res} .0071514{txt}{space 3}no. of nonzero coef. = {res} 8
{txt}Grid value {res}31{txt}:{col 19}{txt}lambda ={res} .0065161{txt}{space 3}no. of nonzero coef. = {res} 8
{txt}Grid value {res}32{txt}:{col 19}{txt}lambda ={res} .0059372{txt}{space 3}no. of nonzero coef. = {res} 8
{txt}Grid value {res}33{txt}:{col 19}{txt}lambda ={res} .0054098{txt}{space 3}no. of nonzero coef. = {res} 8
{txt}Grid value {res}34{txt}:{col 19}{txt}lambda ={res} .0049292{txt}{space 3}no. of nonzero coef. = {res} 9
{txt}Grid value {res}35{txt}:{col 19}{txt}lambda ={res} .0044913{txt}{space 3}no. of nonzero coef. = {res} 9
{txt}Grid value {res}36{txt}:{col 19}{txt}lambda ={res} .0040923{txt}{space 3}no. of nonzero coef. = {res} 9
{txt}Grid value {res}37{txt}:{col 19}{txt}lambda ={res} .0037288{txt}{space 3}no. of nonzero coef. = {res} 9
{txt}Grid value {res}38{txt}:{col 19}{txt}lambda ={res} .0033975{txt}{space 3}no. of nonzero coef. = {res} 9
{txt}Grid value {res}39{txt}:{col 19}{txt}lambda ={res} .0030957{txt}{space 3}no. of nonzero coef. = {res} 9
{txt}Grid value {res}40{txt}:{col 19}{txt}lambda ={res} .0028207{txt}{space 3}no. of nonzero coef. = {res} 9
{txt}Grid value {res}41{txt}:{col 19}{txt}lambda ={res} .0025701{txt}{space 3}no. of nonzero coef. = {res} 9
{txt}Grid value {res}42{txt}:{col 19}{txt}lambda ={res} .0023418{txt}{space 3}no. of nonzero coef. = {res} 9
{txt}Grid value {res}43{txt}:{col 19}{txt}lambda ={res} .0021337{txt}{space 3}no. of nonzero coef. = {res} 9
{txt}Grid value {res}44{txt}:{col 19}{txt}lambda ={res} .0019442{txt}{space 3}no. of nonzero coef. = {res} 9
{txt}Grid value {res}45{txt}:{col 19}{txt}lambda ={res} .0017715{txt}{space 3}no. of nonzero coef. = {res} 9
{txt}Grid value {res}46{txt}:{col 19}{txt}lambda ={res} .0016141{txt}{space 3}no. of nonzero coef. = {res} 9
{txt}Grid value {res}47{txt}:{col 19}{txt}lambda ={res} .0014707{txt}{space 3}no. of nonzero coef. = {res} 9
{txt}Grid value {res}48{txt}:{col 19}{txt}lambda ={res}   .00134{txt}{space 3}no. of nonzero coef. = {res} 9
{txt}Grid value {res}49{txt}:{col 19}{txt}lambda ={res}  .001221{txt}{space 3}no. of nonzero coef. = {res} 9
{txt}Grid value {res}50{txt}:{col 19}{txt}lambda ={res} .0011125{txt}{space 3}no. of nonzero coef. = {res} 9
{txt}Grid value {res}51{txt}:{col 19}{txt}lambda ={res} .0010137{txt}{space 3}no. of nonzero coef. = {res} 9
{txt}Grid value {res}52{txt}:{col 19}{txt}lambda ={res} .0009236{txt}{space 3}no. of nonzero coef. = {res} 9
{txt}Grid value {res}53{txt}:{col 19}{txt}lambda ={res} .0008416{txt}{space 3}no. of nonzero coef. = {res} 9
{txt}Grid value {res}54{txt}:{col 19}{txt}lambda ={res} .0007668{txt}{space 3}no. of nonzero coef. = {res} 9
{txt}Grid value {res}55{txt}:{col 19}{txt}lambda ={res} .0006987{txt}{space 3}no. of nonzero coef. = {res} 9
{txt}Grid value {res}56{txt}:{col 19}{txt}lambda ={res} .0006366{txt}{space 3}no. of nonzero coef. = {res} 9
{txt}Grid value {res}57{txt}:{col 19}{txt}lambda ={res} .0005801{txt}{space 3}no. of nonzero coef. = {res} 9
{txt}Grid value {res}58{txt}:{col 19}{txt}lambda ={res} .0005285{txt}{space 3}no. of nonzero coef. = {res} 9
{txt}Grid value {res}59{txt}:{col 19}{txt}lambda ={res} .0004816{txt}{space 3}no. of nonzero coef. = {res} 9
{txt}Grid value {res}60{txt}:{col 19}{txt}lambda ={res} .0004388{txt}{space 3}no. of nonzero coef. = {res} 9
{txt}Grid value {res}61{txt}:{col 19}{txt}lambda ={res} .0003998{txt}{space 3}no. of nonzero coef. = {res} 9
{txt}Grid value {res}62{txt}:{col 19}{txt}lambda ={res} .0003643{txt}{space 3}no. of nonzero coef. = {res} 9
{txt}Grid value {res}63{txt}:{col 19}{txt}lambda ={res} .0003319{txt}{space 3}no. of nonzero coef. = {res} 9
{txt}Grid value {res}64{txt}:{col 19}{txt}lambda ={res} .0003025{txt}{space 3}no. of nonzero coef. = {res} 9
{txt}Grid value {res}65{txt}:{col 19}{txt}lambda ={res} .0002756{txt}{space 3}no. of nonzero coef. = {res} 9
{txt}... change in deviance stopping tolerance reached

{res}10{txt}-fold cross-validation with {res}65 {txt}lambdas ...
{txt}Fold {res} 1 {txt}of {res}10:{col 17}{col 17}{txt}10{txt}.{txt}.{txt}.{txt}.{txt}20{txt}.{txt}.{txt}.{txt}.{txt}30{txt}.{txt}.{txt}.{txt}.{txt}40{txt}.{txt}.{txt}.{txt}.{txt}50{txt}.{txt}.{txt}.{txt}.{txt}60{txt}.{txt}.
{txt}Fold {res} 2 {txt}of {res}10:{col 17}{col 17}{txt}10{txt}.{txt}.{txt}.{txt}.{txt}20{txt}.{txt}.{txt}.{txt}.{txt}30{txt}.{txt}.{txt}.{txt}.{txt}40{txt}.{txt}.{txt}.{txt}.{txt}50{txt}.{txt}.{txt}.{txt}.{txt}60{txt}.{txt}.
{txt}Fold {res} 3 {txt}of {res}10:{col 17}{col 17}{txt}10{txt}.{txt}.{txt}.{txt}.{txt}20{txt}.{txt}.{txt}.{txt}.{txt}30{txt}.{txt}.{txt}.{txt}.{txt}40{txt}.{txt}.{txt}.{txt}.{txt}50{txt}.{txt}.{txt}.{txt}.{txt}60{txt}.{txt}.
{txt}Fold {res} 4 {txt}of {res}10:{col 17}{col 17}{txt}10{txt}.{txt}.{txt}.{txt}.{txt}20{txt}.{txt}.{txt}.{txt}.{txt}30{txt}.{txt}.{txt}.{txt}.{txt}40{txt}.{txt}.{txt}.{txt}.{txt}50{txt}.{txt}.{txt}.{txt}.{txt}60{txt}.{txt}.
{txt}Fold {res} 5 {txt}of {res}10:{col 17}{col 17}{txt}10{txt}.{txt}.{txt}.{txt}.{txt}20{txt}.{txt}.{txt}.{txt}.{txt}30{txt}.{txt}.{txt}.{txt}.{txt}40{txt}.{txt}.{txt}.{txt}.{txt}50{txt}.{txt}.{txt}.{txt}.{txt}60{txt}.{txt}.
{txt}Fold {res} 6 {txt}of {res}10:{col 17}{col 17}{txt}10{txt}.{txt}.{txt}.{txt}.{txt}20{txt}.{txt}.{txt}.{txt}.{txt}30{txt}.{txt}.{txt}.{txt}.{txt}40{txt}.{txt}.{txt}.{txt}.{txt}50{txt}.{txt}.{txt}.{txt}.{txt}60{txt}.{txt}.
{txt}Fold {res} 7 {txt}of {res}10:{col 17}{col 17}{txt}10{txt}.{txt}.{txt}.{txt}.{txt}20{txt}.{txt}.{txt}.{txt}.{txt}30{txt}.{txt}.{txt}.{txt}.{txt}40{txt}.{txt}.{txt}.{txt}.{txt}50{txt}.{txt}.{txt}.{txt}.{txt}60{txt}.{txt}.
{txt}Fold {res} 8 {txt}of {res}10:{col 17}{col 17}{txt}10{txt}.{txt}.{txt}.{txt}.{txt}20{txt}.{txt}.{txt}.{txt}.{txt}30{txt}.{txt}.{txt}.{txt}.{txt}40{txt}.{txt}.{txt}.{txt}.{txt}50{txt}.{txt}.{txt}.{txt}.{txt}60{txt}.{txt}.
{txt}Fold {res} 9 {txt}of {res}10:{col 17}{col 17}{txt}10{txt}.{txt}.{txt}.{txt}.{txt}20{txt}.{txt}.{txt}.{txt}.{txt}30{txt}.{txt}.{txt}.{txt}.{txt}40{txt}.{txt}.{txt}.{txt}.{txt}50{txt}.{txt}.{txt}.{txt}.{txt}60{txt}.{txt}.
{txt}Fold {res}10 {txt}of {res}10:{col 17}{col 17}{txt}10{txt}.{txt}.{txt}.{txt}.{txt}20{txt}.{txt}.{txt}.{txt}.{txt}30{txt}.{txt}.{txt}.{txt}.{txt}40{txt}.{txt}.{txt}.{txt}.{txt}50{txt}.{txt}.{txt}.{txt}.{txt}60{txt}.{txt}.
... cross-validation complete
{res}{txt}
Lasso linear {txt}model{txt}{col 44}No. of obs{col 63}={res}      1,272
{txt}{col 44}No. of covariates{col 63}={res}         11
{txt}Selection: Adaptive{txt}{col 44}No. of lasso steps{col 63}={res}          2

{txt}Final adaptive step results
{hline 9}{c TT}{hline 17}{hline 11}{hline 10}{hline 13}{hline 13}
{col 10}{c |}{col 39}    No. of{col 49}      Out-of-{col 62}      CV mean
{col 10}{c |}{col 39}   nonzero{col 49}       sample{col 62}   prediction
{col 1}      ID{col 10}{c |}     Description{col 28}     lambda{col 39}     coef.{col 49}    R-squared{col 62}        error
{hline 9}{c +}{hline 17}{hline 11}{hline 10}{hline 13}{hline 13}
{col 1}      60{col 10}{c |}    first lambda{col 28}{res}{space 2} .1061965{col 39}{space 1}        5{col 49}{space 6} 0.0592{col 62}{space 4} .7252254
{col 1}{txt}     123{col 10}{c |}   lambda before{col 28}{res}{space 2} .0003025{col 39}{space 1}        9{col 49}{space 6} 0.0805{col 62}{space 4} .7088275
{col 1}{txt}   * 124{col 10}{c |} selected lambda{col 28}{res}{space 2} .0002756{col 39}{space 1}        9{col 49}{space 6} 0.0805{col 62}{space 4} .7088267
{txt}{hline 9}{c BT}{hline 17}{hline 11}{hline 10}{hline 13}{hline 13}
* lambda selected by cross-validation in final adaptive step.

{com}. 
. 
. estimates store adaptiveTELOMEAN
{res}{txt}
{com}. 
. lassocoef cvTELOMEAN minBICTELOMEAN adaptiveTELOMEAN, sort(coef, standardized) nofvlabel
{res}
{txt}{hline 16}{c TT}{hline 11}{hline 16}{hline 18}
{col 17}{c |} cvTELOMEAN{col 29} minBICTELOMEAN {col 45} adaptiveTELOMEAN 
{hline 16}{c +}{hline 11}{hline 16}{hline 18}
{space 12}AGE {c |}{col 17}     x     {col 29}        x       {col 45}         x        
{space 2}zHannumAgeEAA {c |}{col 17}     x     {col 29}        x       {col 45}         x        
{space 1}zHorvathAgeEAA {c |}{col 17}     x     {col 29}        x       {col 45}         x        
{space 12}SEX {c |}{col 17}     x     {col 29}        x       {col 45}         x        
{space 3}zPhenoAgeEAA {c |}{col 17}     x     {col 29}        x       {col 45}         x        
{space 15} {c |}
{space 11}RACE {c |}
{space 13}3  {c |}{col 17}     x     {col 29}        x       {col 45}         x        
{space 13}2  {c |}{col 17}     x     {col 29}        x       {col 45}         x        
{space 15} {c |}
zGrimAgeMortEAA {c |}{col 17}     x     {col 29}        x       {col 45}         x        
{space 15} {c |}
{space 11}RACE {c |}
{space 13}1  {c |}{col 17}     x     {col 29}        x       {col 45}         x        
{space 15} {c |}
{space 10}_cons {c |}{col 17}     x     {col 29}        x       {col 45}         x        
{space 15} {c |}
{space 11}RACE {c |}
{space 13}0  {c |}{col 17}     e     {col 29}        e       {col 45}         e        
{hline 16}{c BT}{hline 11}{hline 16}{hline 18}
Legend:
  b - base level
  e - empty cell
  o - omitted
  x - estimated

{com}. 
. 
. 
. **--------------------------------------------------------------
. **                | cvTELOMEAN minBICTELOMEAN  adaptiveTELOMEAN 
. **----------------+---------------------------------------------
. **            AGE |     x             x                x        
. **  zHannumAgeEAA |     x             x                x        
. ** zHorvathAgeEAA |     x             x                x        
. **            SEX |     x             x                x        
. **   zPhenoAgeEAA |     x             x                x        
. **                |
. **           RACE |
. **             3  |     x             x                x        
. **             2  |     x             x                x        
. **                |
. ** zGrimAgeMortEAA |     x             x                x        
. **                |
. **           RACE |
. **             1  |     x             x                x        
. **              |
. **          _cons |     x             x                x        
. **                |
. **           RACE |
. **            0  |     e             e                e        
. **--------------------------------------------------------------
. **Legend:
. **  b - base level
. **  e - empty cell
. **  o - omitted
. **  x - estimated
. 
. 
. 
. 
. 
. lassogof cvTELOMEAN minBICTELOMEAN adaptiveTELOMEAN, over(sample_LASSO) postselection
{res}
{txt}Postselection coefficients
{hline 12}{hline 12}{c TT}{hline 12}{hline 13}{hline 11}
{col 1}Name        {col 13} sample_L~O{col 25}{c |}         MSE{col 38}    R-squared{col 51}        Obs
{hline 12}{hline 12}{c +}{hline 12}{hline 13}{hline 11}
{col 1}cvTELOMEAN  {col 25}{c |}
{col 13}          1{col 25}{c |}{res}{space 3} .6975822{col 38}{space 6} 0.0951{col 51}{space 4}  1,272
{col 13}{txt}          2{col 25}{c |}{res}{space 3} .6294661{col 38}{space 6} 0.1252{col 51}{space 4}  1,258
{txt}{hline 12}{hline 12}{c +}{hline 12}{hline 13}{hline 11}
{col 1}minBICTELOMEAN{col 25}{c |}
{col 13}          1{col 25}{c |}{res}{space 3} .6975822{col 38}{space 6} 0.0951{col 51}{space 4}  1,272
{col 13}{txt}          2{col 25}{c |}{res}{space 3} .6294661{col 38}{space 6} 0.1252{col 51}{space 4}  1,258
{txt}{hline 12}{hline 12}{c +}{hline 12}{hline 13}{hline 11}
{col 1}adaptiveTELOMEAN{col 25}{c |}
{col 13}          1{col 25}{c |}{res}{space 3} .6975822{col 38}{space 6} 0.0951{col 51}{space 4}  1,272
{col 13}{txt}          2{col 25}{c |}{res}{space 3} .6294661{col 38}{space 6} 0.1252{col 51}{space 4}  1,258
{txt}{hline 12}{hline 12}{c BT}{hline 12}{hline 13}{hline 11}

{com}. 
. 
. **Postselection coefficients
. **-------------------------------------------------------------
. **Name         sample_L~O |         MSE    R-squared        Obs
. **------------------------+------------------------------------
. **cvTELOMEAN              |
. **                      1 |    .6975822       0.0951      1,272
. **                      2 |    .6294661       0.1252      1,258
. **------------------------+------------------------------------
. **minBICTELOMEAN          |
. **                      1 |    .6975822       0.0951      1,272
. **                      2 |    .6294661       0.1252      1,258
. **------------------------+------------------------------------
. **adaptiveTELOMEAN        |
. **                      1 |    .6975822       0.0951      1,272
. **                      2 |    .6294661       0.1252      1,258
. **-------------------------------------------------------------
. 
. ***REDUCED MODEL FROM BEST MODEL SELECTION PROCESS**
. 
. reg ztelomean_no_outliers AGE SEX i.RACE  zHorvathAgeEAA zHannumAgeEAA zPhenoAgeEAA zGrimAgeMortEAA  if sample_final==1

{txt}      Source {c |}       SS           df       MS      Number of obs   ={res}     2,522
{txt}{hline 13}{c +}{hline 34}   F(9, 2512)      = {res}    36.81
{txt}       Model {c |} {res} 217.783806         9  24.1982006   {txt}Prob > F        ={res}    0.0000
{txt}    Residual {c |} {res} 1651.28175     2,512  .657357385   {txt}R-squared       ={res}    0.1165
{txt}{hline 13}{c +}{hline 34}   Adj R-squared   ={res}    0.1134
{txt}       Total {c |} {res} 1869.06556     2,521  .741398476   {txt}Root MSE        =   {res} .81078

{txt}{hline 16}{c TT}{hline 11}{hline 11}{hline 9}{hline 8}{hline 13}{hline 12}
{col 1}ztelomean_no_~s{col 17}{c |} Coefficient{col 29}  Std. err.{col 41}      t{col 49}   P>|t|{col 57}     [95% con{col 70}f. interval]
{hline 16}{c +}{hline 11}{hline 11}{hline 9}{hline 8}{hline 13}{hline 12}
{space 12}AGE {c |}{col 17}{res}{space 2}-.0220915{col 29}{space 2} .0016263{col 40}{space 1}  -13.58{col 49}{space 3}0.000{col 57}{space 4}-.0252806{col 70}{space 3}-.0189023
{txt}{space 12}SEX {c |}{col 17}{res}{space 2} .1242713{col 29}{space 2} .0350653{col 40}{space 1}    3.54{col 49}{space 3}0.000{col 57}{space 4} .0555114{col 70}{space 3} .1930312
{txt}{space 15} {c |}
{space 11}RACE {c |}
{space 13}1  {c |}{col 17}{res}{space 2} .1094472{col 29}{space 2} .0444606{col 40}{space 1}    2.46{col 49}{space 3}0.014{col 57}{space 4} .0222641{col 70}{space 3} .1966303
{txt}{space 13}2  {c |}{col 17}{res}{space 2}-.0641211{col 29}{space 2} .0382083{col 40}{space 1}   -1.68{col 49}{space 3}0.093{col 57}{space 4}-.1390441{col 70}{space 3} .0108018
{txt}{space 13}3  {c |}{col 17}{res}{space 2}-.0557036{col 29}{space 2}  .093624{col 40}{space 1}   -0.59{col 49}{space 3}0.552{col 57}{space 4}-.2392917{col 70}{space 3} .1278845
{txt}{space 15} {c |}
{space 1}zHorvathAgeEAA {c |}{col 17}{res}{space 2} .1377052{col 29}{space 2} .0237484{col 40}{space 1}    5.80{col 49}{space 3}0.000{col 57}{space 4} .0911367{col 70}{space 3} .1842736
{txt}{space 2}zHannumAgeEAA {c |}{col 17}{res}{space 2}-.1566227{col 29}{space 2} .0242271{col 40}{space 1}   -6.46{col 49}{space 3}0.000{col 57}{space 4}-.2041298{col 70}{space 3}-.1091155
{txt}{space 3}zPhenoAgeEAA {c |}{col 17}{res}{space 2}-.0557877{col 29}{space 2} .0240391{col 40}{space 1}   -2.32{col 49}{space 3}0.020{col 57}{space 4}-.1029261{col 70}{space 3}-.0086493
{txt}zGrimAgeMortEAA {c |}{col 17}{res}{space 2}-.0377851{col 29}{space 2}  .019085{col 40}{space 1}   -1.98{col 49}{space 3}0.048{col 57}{space 4}-.0752092{col 70}{space 3}-.0003611
{txt}{space 10}_cons {c |}{col 17}{res}{space 2} .8873628{col 29}{space 2} .1235566{col 40}{space 1}    7.18{col 49}{space 3}0.000{col 57}{space 4} .6450796{col 70}{space 3} 1.129646
{txt}{hline 16}{c BT}{hline 11}{hline 11}{hline 9}{hline 8}{hline 13}{hline 12}
{res}{txt}
{com}. 
. 
. 
. save "E:\16GBBACKUPUSB\BACKUP_USB_SEPTEMBER2014\SUMMER_STUDENT_2025\HRS_NHANES_HANDLS_TLEPIGENMORT\FINAL_DATA\NHANES\NHANES_MERGED_DATASET",replace
{txt}{p 0 4 2}
file {bf}
E:\16GBBACKUPUSB\BACKUP_USB_SEPTEMBER2014\SUMMER_STUDENT_2025\HRS_NHANES_HANDLS_TLEPIGENMORT\FINAL_DATA\NHANES\NHANES_MERGED_DATASET.dta{rm}
saved
{p_end}

{com}. 
. capture log close
{smcl}
{com}{sf}{ul off}