{smcl}
{com}{sf}{ul off}{txt}
{com}. 
. 
. 
. use "E:\16GBBACKUPUSB\BACKUP_USB_SEPTEMBER2014\SUMMER_STUDENT_2025\HRS_NHANES_HANDLS_TLEPIGENMORT\FINAL_DATA\HRS\HRS_TLEPIGENMORT",clear
{txt}
{com}. 
. 
. //STEP 14: LASSO LINEAR MODELS FOR TL VS. EPIGENETIC EAA, FORCING EXOGENOUS VARIABLES. 
. 
. 
. capture drop sample_LASSO
{txt}
{com}. sort HHIDPN
{txt}
{com}. save, replace
{txt}{p 0 4 2}
file {bf}
E:\16GBBACKUPUSB\BACKUP_USB_SEPTEMBER2014\SUMMER_STUDENT_2025\HRS_NHANES_HANDLS_TLEPIGENMORT\FINAL_DATA\HRS\HRS_TLEPIGENMORT.dta{rm}
saved
{p_end}

{com}. splitsample if sample_final==1 , generate(sample_LASSO) nsplit(2) rseed(1234)
{res}{txt}
{com}. tab sample_LASSO

{txt}sample_LASS {c |}
          O {c |}      Freq.     Percent        Cum.
{hline 12}{c +}{hline 35}
          1 {c |}{res}        507       50.05       50.05
{txt}          2 {c |}{res}        506       49.95      100.00
{txt}{hline 12}{c +}{hline 35}
      Total {c |}{res}      1,013      100.00
{txt}
{com}. 
. save, replace
{txt}{p 0 4 2}
file {bf}
E:\16GBBACKUPUSB\BACKUP_USB_SEPTEMBER2014\SUMMER_STUDENT_2025\HRS_NHANES_HANDLS_TLEPIGENMORT\FINAL_DATA\HRS\HRS_TLEPIGENMORT.dta{rm}
saved
{p_end}

{com}. 
. *******************************TELOMEAN************************************
. 
. lasso linear ztelomean_no_outliers (AGE SEX i.RACE_ETHN) zHorvathAgeEAA zHannumAgeEAA zPhenoAgeEAA zGrimAgeMortEAA zDunedinPoAm if sample_LASSO==1, rseed(1234)
{res}
{res}10{txt}-fold cross-validation with {res}100 {txt}lambdas ...
{txt}Grid value {res}1{txt}:{col 19}{txt}lambda ={res} .0332429{txt}{space 3}no. of nonzero coef. = {res} 5
{txt}Folds: 1{txt}.{txt}.{txt}.{txt}5{txt}.{txt}.{txt}.{txt}.{txt}10{space 3}CVF ={res}   .92963
{txt}Grid value {res}2{txt}:{col 19}{txt}lambda ={res} .0302897{txt}{space 3}no. of nonzero coef. = {res} 6
{txt}Folds: 1{txt}.{txt}.{txt}.{txt}5{txt}.{txt}.{txt}.{txt}.{txt}10{space 3}CVF ={res} .9301098
{txt}Grid value {res}3{txt}:{col 19}{txt}lambda ={res} .0275988{txt}{space 3}no. of nonzero coef. = {res} 7
{txt}Folds: 1{txt}.{txt}.{txt}.{txt}5{txt}.{txt}.{txt}.{txt}.{txt}10{space 3}CVF ={res} .9302824
{txt}Grid value {res}4{txt}:{col 19}{txt}lambda ={res}  .025147{txt}{space 3}no. of nonzero coef. = {res} 7
{txt}Folds: 1{txt}.{txt}.{txt}.{txt}5{txt}.{txt}.{txt}.{txt}.{txt}10{space 3}CVF ={res}  .930219
{txt}Grid value {res}5{txt}:{col 19}{txt}lambda ={res}  .022913{txt}{space 3}no. of nonzero coef. = {res} 7
{txt}Folds: 1{txt}.{txt}.{txt}.{txt}5{txt}.{txt}.{txt}.{txt}.{txt}10{space 3}CVF ={res} .9305118
{txt}Grid value {res}6{txt}:{col 19}{txt}lambda ={res} .0208775{txt}{space 3}no. of nonzero coef. = {res} 7
{txt}Folds: 1{txt}.{txt}.{txt}.{txt}5{txt}.{txt}.{txt}.{txt}.{txt}10{space 3}CVF ={res}  .930897
{txt}Grid value {res}7{txt}:{col 19}{txt}lambda ={res} .0190228{txt}{space 3}no. of nonzero coef. = {res} 7
{txt}Folds: 1{txt}.{txt}.{txt}.{txt}5{txt}.{txt}.{txt}.{txt}.{txt}10{space 3}CVF ={res} .9313102
{txt}Grid value {res}8{txt}:{col 19}{txt}lambda ={res} .0173329{txt}{space 3}no. of nonzero coef. = {res} 7
{txt}Folds: 1{txt}.{txt}.{txt}.{txt}5{txt}.{txt}.{txt}.{txt}.{txt}10{space 3}CVF ={res} .9319063
{txt}... cross-validation complete ... minimum found
{res}{txt}
Lasso linear {txt}model{txt}{col 45}No. of obs{col 63}={res}        507
{txt}{col 45}No. of covariates{col 63}={res}         11
{txt}Selection: Cross-validation{txt}{col 45}No. of CV folds{col 63}={res}         10

{txt}{hline 9}{c TT}{hline 17}{hline 11}{hline 10}{hline 13}{hline 13}
{col 10}{c |}{col 39}    No. of{col 49}      Out-of-{col 62}      CV mean
{col 10}{c |}{col 39}   nonzero{col 49}       sample{col 62}   prediction
{col 1}      ID{col 10}{c |}     Description{col 28}     lambda{col 39}     coef.{col 49}    R-squared{col 62}        error
{hline 9}{c +}{hline 17}{hline 11}{hline 10}{hline 13}{hline 13}
{col 1}     * 1{col 10}{c |} selected lambda{col 28}{res}{space 2} .0332429{col 39}{space 1}        5{col 49}{space 6} 0.0077{col 62}{space 4}   .92963
{col 1}{txt}       2{col 10}{c |}    lambda after{col 28}{res}{space 2} .0302897{col 39}{space 1}        6{col 49}{space 6} 0.0072{col 62}{space 4} .9301098
{col 1}{txt}       8{col 10}{c |}     last lambda{col 28}{res}{space 2} .0173329{col 39}{space 1}        7{col 49}{space 6} 0.0053{col 62}{space 4} .9319063
{txt}{hline 9}{c BT}{hline 17}{hline 11}{hline 10}{hline 13}{hline 13}
* lambda selected by cross-validation.

{com}. 
. 
. cvplot 
{res}{txt}
{com}. graph save "E:\16GBBACKUPUSB\BACKUP_USB_SEPTEMBER2014\SUMMER_STUDENT_2025\HRS_NHANES_HANDLS_TLEPIGENMORT\FIGURES\HRS_FIGURES2_LASSO\FIGURES2_TELOMEAN.gph",replace
{res}{txt}file {bf:E:\16GBBACKUPUSB\BACKUP_USB_SEPTEMBER2014\SUMMER_STUDENT_2025\HRS_NHANES_HANDLS_TLEPIGENMORT\FIGURES\HRS_FIGURES2_LASSO\FIGURES2_TELOMEAN.gph} saved

{com}. 
. estimates store cvTELOMEAN
{res}{txt}
{com}. 
. lassoknots, display(nonzero osr2 bic)
{res}
{txt}{hline 7}{c TT}{hline 9}{hline 11}{hline 12}{hline 11}
{col 8}{c |}{col 18}     No. of{col 29}     Out-of-
{col 8}{c |}{col 18}    nonzero{col 29}      sample
{col 1}    ID{col 8}{c |}   lambda{col 18}      coef.{col 29}   R-squared{col 41}        BIC
{hline 7}{c +}{hline 9}{hline 11}{hline 12}{hline 11}
{col 1}   * 1{col 8}{c |}{res} .0332429{col 18}{space 4}      5{col 29}{space 5} 0.0077{col 41}{space 2} 1428.155
{col 1}{txt}     2{col 8}{c |}{res} .0302897{col 18}{space 4}      6{col 29}{space 5} 0.0072{col 41}{space 2} 1433.807
{col 1}{txt}     3{col 8}{c |}{res} .0275988{col 18}{space 4}      7{col 29}{space 5} 0.0071{col 41}{space 2} 1439.524
{col 1}{txt}     8{col 8}{c |}{res} .0173329{col 18}{space 4}      7{col 29}{space 5} 0.0053{col 41}{space 2} 1437.878
{txt}{hline 7}{c BT}{hline 9}{hline 11}{hline 12}{hline 11}
* lambda selected by cross-validation.

{com}. 
. lassoselect id=1
{res}{txt}{bf:ID} = {res}1  {txt}lambda = {res}.0332429 {txt}selected

{com}. 
. cvplot
{res}{txt}
{com}. 
. estimates store minBICTELOMEAN
{res}{txt}
{com}. 
. lasso linear ztelomean_no_outliers (AGE SEX i.RACE_ETHN)  zHorvathAgeEAA zHannumAgeEAA zPhenoAgeEAA zGrimAgeMortEAA zDunedinPoAm if sample_LASSO==1, selection(adaptive) rseed(1234)
{res}
{p 0 2 2}
{txt}Lasso step {res}1{txt} of {res}2{txt}:
{p_end}
{res}
{res}10{txt}-fold cross-validation with {res}100 {txt}lambdas ...
{txt}Grid value {res}1{txt}:{col 19}{txt}lambda ={res} .0332429{txt}{space 3}no. of nonzero coef. = {res} 5
{txt}Folds: 1{txt}.{txt}.{txt}.{txt}5{txt}.{txt}.{txt}.{txt}.{txt}10{space 3}CVF ={res}   .92963
{txt}Grid value {res}2{txt}:{col 19}{txt}lambda ={res} .0302897{txt}{space 3}no. of nonzero coef. = {res} 6
{txt}Folds: 1{txt}.{txt}.{txt}.{txt}5{txt}.{txt}.{txt}.{txt}.{txt}10{space 3}CVF ={res} .9301098
{txt}Grid value {res}3{txt}:{col 19}{txt}lambda ={res} .0275988{txt}{space 3}no. of nonzero coef. = {res} 7
{txt}Folds: 1{txt}.{txt}.{txt}.{txt}5{txt}.{txt}.{txt}.{txt}.{txt}10{space 3}CVF ={res} .9302824
{txt}Grid value {res}4{txt}:{col 19}{txt}lambda ={res}  .025147{txt}{space 3}no. of nonzero coef. = {res} 7
{txt}Folds: 1{txt}.{txt}.{txt}.{txt}5{txt}.{txt}.{txt}.{txt}.{txt}10{space 3}CVF ={res}  .930219
{txt}Grid value {res}5{txt}:{col 19}{txt}lambda ={res}  .022913{txt}{space 3}no. of nonzero coef. = {res} 7
{txt}Folds: 1{txt}.{txt}.{txt}.{txt}5{txt}.{txt}.{txt}.{txt}.{txt}10{space 3}CVF ={res} .9305118
{txt}Grid value {res}6{txt}:{col 19}{txt}lambda ={res} .0208775{txt}{space 3}no. of nonzero coef. = {res} 7
{txt}Folds: 1{txt}.{txt}.{txt}.{txt}5{txt}.{txt}.{txt}.{txt}.{txt}10{space 3}CVF ={res}  .930897
{txt}Grid value {res}7{txt}:{col 19}{txt}lambda ={res} .0190228{txt}{space 3}no. of nonzero coef. = {res} 7
{txt}Folds: 1{txt}.{txt}.{txt}.{txt}5{txt}.{txt}.{txt}.{txt}.{txt}10{space 3}CVF ={res} .9313102
{txt}Grid value {res}8{txt}:{col 19}{txt}lambda ={res} .0173329{txt}{space 3}no. of nonzero coef. = {res} 7
{txt}Folds: 1{txt}.{txt}.{txt}.{txt}5{txt}.{txt}.{txt}.{txt}.{txt}10{space 3}CVF ={res} .9319063
{txt}... cross-validation complete ... minimum found
{res}{txt}
Lasso linear {txt}model{txt}{col 44}No. of obs{col 63}={res}        507
{txt}{col 44}No. of covariates{col 63}={res}         11
{txt}Selection: Adaptive{txt}{col 44}No. of lasso steps{col 63}={res}          1

{txt}Final adaptive step results
{hline 9}{c TT}{hline 17}{hline 11}{hline 10}{hline 13}{hline 13}
{col 10}{c |}{col 39}    No. of{col 49}      Out-of-{col 62}      CV mean
{col 10}{c |}{col 39}   nonzero{col 49}       sample{col 62}   prediction
{col 1}      ID{col 10}{c |}     Description{col 28}     lambda{col 39}     coef.{col 49}    R-squared{col 62}        error
{hline 9}{c +}{hline 17}{hline 11}{hline 10}{hline 13}{hline 13}
{col 1}     * 1{col 10}{c |} selected lambda{col 28}{res}{space 2} .0332429{col 39}{space 1}        5{col 49}{space 6} 0.0077{col 62}{space 4}   .92963
{col 1}{txt}       2{col 10}{c |}    lambda after{col 28}{res}{space 2} .0302897{col 39}{space 1}        6{col 49}{space 6} 0.0072{col 62}{space 4} .9301098
{col 1}{txt}       8{col 10}{c |}     last lambda{col 28}{res}{space 2} .0173329{col 39}{space 1}        7{col 49}{space 6} 0.0053{col 62}{space 4} .9319063
{txt}{hline 9}{c BT}{hline 17}{hline 11}{hline 10}{hline 13}{hline 13}
* lambda selected by cross-validation in final adaptive step.

{com}. 
. 
. estimates store adaptiveTELOMEAN
{res}{txt}
{com}. 
. lassocoef cvTELOMEAN minBICTELOMEAN adaptiveTELOMEAN, sort(coef, standardized) nofvlabel
{res}
{txt}{hline 13}{c TT}{hline 11}{hline 16}{hline 18}
{col 14}{c |} cvTELOMEAN{col 26} minBICTELOMEAN {col 42} adaptiveTELOMEAN 
{hline 13}{c +}{hline 11}{hline 16}{hline 18}
{space 9}AGE {c |}{col 14}     x     {col 26}        x       {col 42}         x        
{space 12} {c |}
{space 3}RACE_ETHN {c |}
{space 10}3  {c |}{col 14}     x     {col 26}        x       {col 42}         x        
{space 10}4  {c |}{col 14}     x     {col 26}        x       {col 42}         x        
{space 10}2  {c |}{col 14}     x     {col 26}        x       {col 42}         x        
{space 12} {c |}
{space 9}SEX {c |}{col 14}     x     {col 26}        x       {col 42}         x        
{space 12} {c |}
{space 3}RACE_ETHN {c |}
{space 10}1  {c |}{col 14}     e     {col 26}        e       {col 42}         e        
{space 12} {c |}
{space 7}_cons {c |}{col 14}     x     {col 26}        x       {col 42}         x        
{hline 13}{c BT}{hline 11}{hline 16}{hline 18}
Legend:
  b - base level
  e - empty cell
  o - omitted
  x - estimated

{com}. 
. **-----------------------------------------------------------
. **             | cvTELOMEAN minBICTELOMEAN  adaptiveTELOMEAN 
. **-------------+---------------------------------------------
. **         AGE |     x             x                x        
. **             |
. **   RACE_ETHN |
. **          3  |     x             x                x        
. **          4  |     x             x                x        
. **          2  |     x             x                x        
. **             |
. **         SEX |     x             x                x        
. **             |
. **   RACE_ETHN |
. **          1  |     e             e                e        
. **             |
. **       _cons |     x             x                x        
. **-----------------------------------------------------------
. 
. 
. 
. lassogof cvTELOMEAN minBICTELOMEAN adaptiveTELOMEAN, over(sample_LASSO) postselection
{res}
{txt}Postselection coefficients
{hline 12}{hline 12}{c TT}{hline 12}{hline 13}{hline 11}
{col 1}Name        {col 13} sample_L~O{col 25}{c |}         MSE{col 38}    R-squared{col 51}        Obs
{hline 12}{hline 12}{c +}{hline 12}{hline 13}{hline 11}
{col 1}cvTELOMEAN  {col 25}{c |}
{col 13}          1{col 25}{c |}{res}{space 3} .9096342{col 38}{space 6} 0.0291{col 51}{space 4}    507
{col 13}{txt}          2{col 25}{c |}{res}{space 3} 1.035534{col 38}{space 6} 0.0150{col 51}{space 4}    506
{txt}{hline 12}{hline 12}{c +}{hline 12}{hline 13}{hline 11}
{col 1}minBICTELOMEAN{col 25}{c |}
{col 13}          1{col 25}{c |}{res}{space 3} .9096342{col 38}{space 6} 0.0291{col 51}{space 4}    507
{col 13}{txt}          2{col 25}{c |}{res}{space 3} 1.035534{col 38}{space 6} 0.0150{col 51}{space 4}    506
{txt}{hline 12}{hline 12}{c +}{hline 12}{hline 13}{hline 11}
{col 1}adaptiveTELOMEAN{col 25}{c |}
{col 13}          1{col 25}{c |}{res}{space 3} .9096342{col 38}{space 6} 0.0291{col 51}{space 4}    507
{col 13}{txt}          2{col 25}{c |}{res}{space 3} 1.035534{col 38}{space 6} 0.0150{col 51}{space 4}    506
{txt}{hline 12}{hline 12}{c BT}{hline 12}{hline 13}{hline 11}

{com}. 
. 
. **Postselection coefficients
. **-------------------------------------------------------------
. **Name         sample_L~O |         MSE    R-squared        Obs
. **------------------------+------------------------------------
. **cvTELOMEAN              |
. **                      1 |    .9096342       0.0291        507
. **                      2 |    1.035534       0.0150        506
. **------------------------+------------------------------------
. **minBICTELOMEAN          |
. **                      1 |    .9096342       0.0291        507
. **                      2 |    1.035534       0.0150        506
. **------------------------+------------------------------------
. **adaptiveTELOMEAN        |
. **                      1 |    .9096342       0.0291        507
. **                      2 |    1.035534       0.0150        506
. **-------------------------------------------------------------
. 
. 
. ***REDUCED MODEL FROM BEST MODEL SELECTION PROCESS**
. 
. reg ztelomean_no_outliers AGE SEX i.RACE_ETHN    if sample_final==1

{txt}      Source {c |}       SS           df       MS      Number of obs   ={res}     1,013
{txt}{hline 13}{c +}{hline 34}   F(5, 1007)      = {res}     5.28
{txt}       Model {c |} {res} 25.7439967         5  5.14879934   {txt}Prob > F        ={res}    0.0001
{txt}    Residual {c |} {res} 981.248577     1,007  .974427584   {txt}R-squared       ={res}    0.0256
{txt}{hline 13}{c +}{hline 34}   Adj R-squared   ={res}    0.0207
{txt}       Total {c |} {res} 1006.99257     1,012   .99505195   {txt}Root MSE        =   {res} .98713

{txt}{hline 13}{c TT}{hline 11}{hline 11}{hline 9}{hline 8}{hline 13}{hline 12}
{col 1}ztelomean_~s{col 14}{c |} Coefficient{col 26}  Std. err.{col 38}      t{col 46}   P>|t|{col 54}     [95% con{col 67}f. interval]
{hline 13}{c +}{hline 11}{hline 11}{hline 9}{hline 8}{hline 13}{hline 12}
{space 9}AGE {c |}{col 14}{res}{space 2}-.0151036{col 26}{space 2} .0037835{col 37}{space 1}   -3.99{col 46}{space 3}0.000{col 54}{space 4} -.022528{col 67}{space 3}-.0076793
{txt}{space 9}SEX {c |}{col 14}{res}{space 2} .0718178{col 26}{space 2}  .063424{col 37}{space 1}    1.13{col 46}{space 3}0.258{col 54}{space 4}-.0526405{col 67}{space 3} .1962761
{txt}{space 12} {c |}
{space 3}RACE_ETHN {c |}
{space 10}2  {c |}{col 14}{res}{space 2} .1650536{col 26}{space 2} .1025136{col 37}{space 1}    1.61{col 46}{space 3}0.108{col 54}{space 4}-.0361112{col 67}{space 3} .3662184
{txt}{space 10}3  {c |}{col 14}{res}{space 2} .1793975{col 26}{space 2} .1021602{col 37}{space 1}    1.76{col 46}{space 3}0.079{col 54}{space 4}-.0210738{col 67}{space 3} .3798688
{txt}{space 10}4  {c |}{col 14}{res}{space 2} .2022363{col 26}{space 2} .2247469{col 37}{space 1}    0.90{col 46}{space 3}0.368{col 54}{space 4}-.2387897{col 67}{space 3} .6432623
{txt}{space 12} {c |}
{space 7}_cons {c |}{col 14}{res}{space 2} 1.047481{col 26}{space 2} .2902181{col 37}{space 1}    3.61{col 46}{space 3}0.000{col 54}{space 4} .4779798{col 67}{space 3} 1.616983
{txt}{hline 13}{c BT}{hline 11}{hline 11}{hline 9}{hline 8}{hline 13}{hline 12}
{res}{txt}
{com}. 
. 
. 
. save "E:\16GBBACKUPUSB\BACKUP_USB_SEPTEMBER2014\SUMMER_STUDENT_2025\HRS_NHANES_HANDLS_TLEPIGENMORT\FINAL_DATA\HRS\HRS_TLEPIGENMORT",replace
{txt}{p 0 4 2}
file {bf}
E:\16GBBACKUPUSB\BACKUP_USB_SEPTEMBER2014\SUMMER_STUDENT_2025\HRS_NHANES_HANDLS_TLEPIGENMORT\FINAL_DATA\HRS\HRS_TLEPIGENMORT.dta{rm}
saved
{p_end}

{com}. 
. capture log close
{smcl}
{com}{sf}{ul off}